Archive member included to satisfy reference by file (symbol)

C:/ST/STM32CubeIDE_1.15.0/STM32CubeIDE/plugins/com.st.stm32cube.ide.mcu.externaltools.gnu-tools-for-stm32.12.3.rel1.win32_1.0.100.202403111256/tools/bin/../lib/gcc/arm-none-eabi/12.3.1/../../../../arm-none-eabi/lib/thumb/v7e-m+fp/hard\libc_nano.a(libc_a-exit.o)
                              C:/ST/STM32CubeIDE_1.15.0/STM32CubeIDE/plugins/com.st.stm32cube.ide.mcu.externaltools.gnu-tools-for-stm32.12.3.rel1.win32_1.0.100.202403111256/tools/bin/../lib/gcc/arm-none-eabi/12.3.1/../../../../arm-none-eabi/lib/thumb/v7e-m+fp/hard/crt0.o (exit)
C:/ST/STM32CubeIDE_1.15.0/STM32CubeIDE/plugins/com.st.stm32cube.ide.mcu.externaltools.gnu-tools-for-stm32.12.3.rel1.win32_1.0.100.202403111256/tools/bin/../lib/gcc/arm-none-eabi/12.3.1/../../../../arm-none-eabi/lib/thumb/v7e-m+fp/hard\libc_nano.a(libc_a-findfp.o)
                              C:/ST/STM32CubeIDE_1.15.0/STM32CubeIDE/plugins/com.st.stm32cube.ide.mcu.externaltools.gnu-tools-for-stm32.12.3.rel1.win32_1.0.100.202403111256/tools/bin/../lib/gcc/arm-none-eabi/12.3.1/../../../../arm-none-eabi/lib/thumb/v7e-m+fp/hard\libc_nano.a(libc_a-exit.o) (__stdio_exit_handler)
C:/ST/STM32CubeIDE_1.15.0/STM32CubeIDE/plugins/com.st.stm32cube.ide.mcu.externaltools.gnu-tools-for-stm32.12.3.rel1.win32_1.0.100.202403111256/tools/bin/../lib/gcc/arm-none-eabi/12.3.1/../../../../arm-none-eabi/lib/thumb/v7e-m+fp/hard\libc_nano.a(libc_a-fwalk.o)
                              C:/ST/STM32CubeIDE_1.15.0/STM32CubeIDE/plugins/com.st.stm32cube.ide.mcu.externaltools.gnu-tools-for-stm32.12.3.rel1.win32_1.0.100.202403111256/tools/bin/../lib/gcc/arm-none-eabi/12.3.1/../../../../arm-none-eabi/lib/thumb/v7e-m+fp/hard\libc_nano.a(libc_a-findfp.o) (_fwalk_sglue)
C:/ST/STM32CubeIDE_1.15.0/STM32CubeIDE/plugins/com.st.stm32cube.ide.mcu.externaltools.gnu-tools-for-stm32.12.3.rel1.win32_1.0.100.202403111256/tools/bin/../lib/gcc/arm-none-eabi/12.3.1/../../../../arm-none-eabi/lib/thumb/v7e-m+fp/hard\libc_nano.a(libc_a-stdio.o)
                              C:/ST/STM32CubeIDE_1.15.0/STM32CubeIDE/plugins/com.st.stm32cube.ide.mcu.externaltools.gnu-tools-for-stm32.12.3.rel1.win32_1.0.100.202403111256/tools/bin/../lib/gcc/arm-none-eabi/12.3.1/../../../../arm-none-eabi/lib/thumb/v7e-m+fp/hard\libc_nano.a(libc_a-findfp.o) (__sread)
C:/ST/STM32CubeIDE_1.15.0/STM32CubeIDE/plugins/com.st.stm32cube.ide.mcu.externaltools.gnu-tools-for-stm32.12.3.rel1.win32_1.0.100.202403111256/tools/bin/../lib/gcc/arm-none-eabi/12.3.1/../../../../arm-none-eabi/lib/thumb/v7e-m+fp/hard\libc_nano.a(libc_a-memset.o)
                              C:/ST/STM32CubeIDE_1.15.0/STM32CubeIDE/plugins/com.st.stm32cube.ide.mcu.externaltools.gnu-tools-for-stm32.12.3.rel1.win32_1.0.100.202403111256/tools/bin/../lib/gcc/arm-none-eabi/12.3.1/../../../../arm-none-eabi/lib/thumb/v7e-m+fp/hard/crt0.o (memset)
C:/ST/STM32CubeIDE_1.15.0/STM32CubeIDE/plugins/com.st.stm32cube.ide.mcu.externaltools.gnu-tools-for-stm32.12.3.rel1.win32_1.0.100.202403111256/tools/bin/../lib/gcc/arm-none-eabi/12.3.1/../../../../arm-none-eabi/lib/thumb/v7e-m+fp/hard\libc_nano.a(libc_a-closer.o)
                              C:/ST/STM32CubeIDE_1.15.0/STM32CubeIDE/plugins/com.st.stm32cube.ide.mcu.externaltools.gnu-tools-for-stm32.12.3.rel1.win32_1.0.100.202403111256/tools/bin/../lib/gcc/arm-none-eabi/12.3.1/../../../../arm-none-eabi/lib/thumb/v7e-m+fp/hard\libc_nano.a(libc_a-stdio.o) (_close_r)
C:/ST/STM32CubeIDE_1.15.0/STM32CubeIDE/plugins/com.st.stm32cube.ide.mcu.externaltools.gnu-tools-for-stm32.12.3.rel1.win32_1.0.100.202403111256/tools/bin/../lib/gcc/arm-none-eabi/12.3.1/../../../../arm-none-eabi/lib/thumb/v7e-m+fp/hard\libc_nano.a(libc_a-reent.o)
                              C:/ST/STM32CubeIDE_1.15.0/STM32CubeIDE/plugins/com.st.stm32cube.ide.mcu.externaltools.gnu-tools-for-stm32.12.3.rel1.win32_1.0.100.202403111256/tools/bin/../lib/gcc/arm-none-eabi/12.3.1/../../../../arm-none-eabi/lib/thumb/v7e-m+fp/hard\libc_nano.a(libc_a-closer.o) (errno)
C:/ST/STM32CubeIDE_1.15.0/STM32CubeIDE/plugins/com.st.stm32cube.ide.mcu.externaltools.gnu-tools-for-stm32.12.3.rel1.win32_1.0.100.202403111256/tools/bin/../lib/gcc/arm-none-eabi/12.3.1/../../../../arm-none-eabi/lib/thumb/v7e-m+fp/hard\libc_nano.a(libc_a-impure.o)
                              C:/ST/STM32CubeIDE_1.15.0/STM32CubeIDE/plugins/com.st.stm32cube.ide.mcu.externaltools.gnu-tools-for-stm32.12.3.rel1.win32_1.0.100.202403111256/tools/bin/../lib/gcc/arm-none-eabi/12.3.1/../../../../arm-none-eabi/lib/thumb/v7e-m+fp/hard\libc_nano.a(libc_a-reent.o) (_impure_ptr)
C:/ST/STM32CubeIDE_1.15.0/STM32CubeIDE/plugins/com.st.stm32cube.ide.mcu.externaltools.gnu-tools-for-stm32.12.3.rel1.win32_1.0.100.202403111256/tools/bin/../lib/gcc/arm-none-eabi/12.3.1/../../../../arm-none-eabi/lib/thumb/v7e-m+fp/hard\libc_nano.a(libc_a-lseekr.o)
[...]
Memory Configuration

Name             Origin             Length             Attributes
CCMRAM           0x10000000         0x00010000         xrw
RAM              0x20000000         0x00020000         xrw
FLASH            0x08000000         0x00100000         xr
*default*        0x00000000         0xffffffff

Linker script and memory map

LOAD C:/ST/STM32CubeIDE_1.15.0/STM32CubeIDE/plugins/com.st.stm32cube.ide.mcu.externaltools.gnu-tools-for-stm32.12.3.rel1.win32_1.0.100.202403111256/tools/bin/../lib/gcc/arm-none-eabi/12.3.1/thumb/v7e-m+fp/hard/crti.o
LOAD C:/ST/STM32CubeIDE_1.15.0/STM32CubeIDE/plugins/com.st.stm32cube.ide.mcu.externaltools.gnu-tools-for-stm32.12.3.rel1.win32_1.0.100.202403111256/tools/bin/../lib/gcc/arm-none-eabi/12.3.1/thumb/v7e-m+fp/hard/crtbegin.o
LOAD C:/ST/STM32CubeIDE_1.15.0/STM32CubeIDE/plugins/com.st.stm32cube.ide.mcu.externaltools.gnu-tools-for-stm32.12.3.rel1.win32_1.0.100.202403111256/tools/bin/../lib/gcc/arm-none-eabi/12.3.1/../../../../arm-none-eabi/lib/thumb/v7e-m+fp/hard/crt0.o
LOAD ./Core/Src/main.o
LOAD ./Core/Src/peaking_filter.o
LOAD ./Core/Src/stm32f4xx_hal_msp.o
LOAD ./Core/Src/stm32f4xx_it.o
LOAD ./Core/Src/syscalls.o
LOAD ./Core/Src/sysmem.o
LOAD ./Core/Src/system_stm32f4xx.o
LOAD ./Core/Startup/startup_stm32f405rgtx.o
LOAD ./Drivers/STM32F4xx_HAL_Driver/Src/stm32f4xx_hal.o
LOAD ./Drivers/STM32F4xx_HAL_Driver/Src/stm32f4xx_hal_cortex.o
LOAD ./Drivers/STM32F4xx_HAL_Driver/Src/stm32f4xx_hal_dma.o
LOAD ./Drivers/STM32F4xx_HAL_Driver/Src/stm32f4xx_hal_dma_ex.o
LOAD ./Drivers/STM32F4xx_HAL_Driver/Src/stm32f4xx_hal_exti.o
LOAD ./Drivers/STM32F4xx_HAL_Driver/Src/stm32f4xx_hal_flash.o
LOAD ./Drivers/STM32F4xx_HAL_Driver/Src/stm32f4xx_hal_flash_ex.o
LOAD ./Drivers/STM32F4xx_HAL_Driver/Src/stm32f4xx_hal_flash_ramfunc.o
LOAD ./Drivers/STM32F4xx_HAL_Driver/Src/stm32f4xx_hal_gpio.o
LOAD ./Drivers/STM32F4xx_HAL_Driver/Src/stm32f4xx_hal_i2s.o
LOAD ./Drivers/STM32F4xx_HAL_Driver/Src/stm32f4xx_hal_i2s_ex.o
LOAD ./Drivers/STM32F4xx_HAL_Driver/Src/stm32f4xx_hal_pwr.o
LOAD ./Drivers/STM32F4xx_HAL_Driver/Src/stm32f4xx_hal_pwr_ex.o
LOAD ./Drivers/STM32F4xx_HAL_Driver/Src/stm32f4xx_hal_rcc.o
LOAD ./Drivers/STM32F4xx_HAL_Driver/Src/stm32f4xx_hal_rcc_ex.o
LOAD ./Drivers/STM32F4xx_HAL_Driver/Src/stm32f4xx_hal_tim.o
LOAD ./Drivers/STM32F4xx_HAL_Driver/Src/stm32f4xx_hal_tim_ex.o
START GROUP
LOAD C:/ST/STM32CubeIDE_1.15.0/STM32CubeIDE/plugins/com.st.stm32cube.ide.mcu.externaltools.gnu-tools-for-stm32.12.3.rel1.win32_1.0.100.202403111256/tools/bin/../lib/gcc/arm-none-eabi/12.3.1/../../../../arm-none-eabi/lib/thumb/v7e-m+fp/hard\libc_nano.a
LOAD C:/ST/STM32CubeIDE_1.15.0/STM32CubeIDE/plugins/com.st.stm32cube.ide.mcu.externaltools.gnu-tools-for-stm32.12.3.rel1.win32_1.0.100.202403111256/tools/bin/../lib/gcc/arm-none-eabi/12.3.1/../../../../arm-none-eabi/lib/thumb/v7e-m+fp/hard\libm.a
END GROUP
START GROUP
LOAD C:/ST/STM32CubeIDE_1.15.0/STM32CubeIDE/plugins/com.st.stm32cube.ide.mcu.externaltools.gnu-tools-for-stm32.12.3.rel1.win32_1.0.100.202403111256/tools/bin/../lib/gcc/arm-none-eabi/12.3.1/thumb/v7e-m+fp/hard\libgcc.a
LOAD C:/ST/STM32CubeIDE_1.15.0/STM32CubeIDE/plugins/com.st.stm32cube.ide.mcu.externaltools.gnu-tools-for-stm32.12.3.rel1.win32_1.0.100.202403111256/tools/bin/../lib/gcc/arm-none-eabi/12.3.1/../../../../arm-none-eabi/lib/thumb/v7e-m+fp/hard\libc_nano.a
END GROUP
START GROUP
LOAD C:/ST/STM32CubeIDE_1.15.0/STM32CubeIDE/plugins/com.st.stm32cube.ide.mcu.externaltools.gnu-tools-for-stm32.12.3.rel1.win32_1.0.100.202403111256/tools/bin/../lib/gcc/arm-none-eabi/12.3.1/thumb/v7e-m+fp/hard\libgcc.a
LOAD C:/ST/STM32CubeIDE_1.15.0/STM32CubeIDE/plugins/com.st.stm32cube.ide.mcu.externaltools.gnu-tools-for-stm32.12.3.rel1.win32_1.0.100.202403111256/tools/bin/../lib/gcc/arm-none-eabi/12.3.1/../../../../arm-none-eabi/lib/thumb/v7e-m+fp/hard\libc_nano.a
LOAD C:/ST/STM32CubeIDE_1.15.0/STM32CubeIDE/plugins/com.st.stm32cube.ide.mcu.externaltools.gnu-tools-for-stm32.12.3.rel1.win32_1.0.100.202403111256/tools/bin/../lib/gcc/arm-none-eabi/12.3.1/../../../../arm-none-eabi/lib/thumb/v7e-m+fp/hard\libnosys.a
END GROUP
START GROUP
LOAD C:/ST/STM32CubeIDE_1.15.0/STM32CubeIDE/plugins/com.st.stm32cube.ide.mcu.externaltools.gnu-tools-for-stm32.12.3.rel1.win32_1.0.100.202403111256/tools/bin/../lib/gcc/arm-none-eabi/12.3.1/thumb/v7e-m+fp/hard\libgcc.a
LOAD C:/ST/STM32CubeIDE_1.15.0/STM32CubeIDE/plugins/com.st.stm32cube.ide.mcu.externaltools.gnu-tools-for-stm32.12.3.rel1.win32_1.0.100.202403111256/tools/bin/../lib/gcc/arm-none-eabi/12.3.1/../../../../arm-none-eabi/lib/thumb/v7e-m+fp/hard\libc_nano.a
LOAD C:/ST/STM32CubeIDE_1.15.0/STM32CubeIDE/plugins/com.st.stm32cube.ide.mcu.externaltools.gnu-tools-for-stm32.12.3.rel1.win32_1.0.100.202403111256/tools/bin/../lib/gcc/arm-none-eabi/12.3.1/../../../../arm-none-eabi/lib/thumb/v7e-m+fp/hard\libnosys.a
END GROUP
LOAD C:/ST/STM32CubeIDE_1.15.0/STM32CubeIDE/plugins/com.st.stm32cube.ide.mcu.externaltools.gnu-tools-for-stm32.12.3.rel1.win32_1.0.100.202403111256/tools/bin/../lib/gcc/arm-none-eabi/12.3.1/thumb/v7e-m+fp/hard/crtend.o
LOAD C:/ST/STM32CubeIDE_1.15.0/STM32CubeIDE/plugins/com.st.stm32cube.ide.mcu.externaltools.gnu-tools-for-stm32.12.3.rel1.win32_1.0.100.202403111256/tools/bin/../lib/gcc/arm-none-eabi/12.3.1/thumb/v7e-m+fp/hard/crtn.o
                0x20020000                        _estack = (ORIGIN (RAM) + LENGTH (RAM))
                0x00000200                        _Min_Heap_Size = 0x200
                0x00000400                        _Min_Stack_Size = 0x400

.isr_vector     0x08000000      0x188
                0x08000000                        . = ALIGN (0x4)
 *(.isr_vector)
 .isr_vector    0x08000000      0x188 ./Core/Startup/startup_stm32f405rgtx.o
                0x08000000                g_pfnVectors
                0x08000188                        . = ALIGN (0x4)

.text           0x08000188     0x43e0
                0x08000188                        . = ALIGN (0x4)
 *(.text)
 .text          0x08000188       0x40 C:/ST/STM32CubeIDE_1.15.0/STM32CubeIDE/plugins/com.st.stm32cube.ide.mcu.externaltools.gnu-tools-for-stm32.12.3.rel1.win32_1.0.100.202403111256/tools/bin/../lib/gcc/arm-none-eabi/12.3.1/thumb/v7e-m+fp/hard/crtbegin.o
 .text          0x080001c8      0x254 C:/ST/STM32CubeIDE_1.15.0/STM32CubeIDE/plugins/com.st.stm32cube.ide.mcu.externaltools.gnu-tools-for-stm32.12.3.rel1.win32_1.0.100.202403111256/tools/bin/../lib/gcc/arm-none-eabi/12.3.1/thumb/v7e-m+fp/hard\libgcc.a(_arm_muldf3.o)
                0x080001c8                __muldf3
                0x080001c8                __aeabi_dmul
 .text          0x0800041c      0x378 C:/ST/STM32CubeIDE_1.15.0/STM32CubeIDE/plugins/com.st.stm32cube.ide.mcu.externaltools.gnu-tools-for-stm32.12.3.rel1.win32_1.0.100.202403111256/tools/bin/../lib/gcc/arm-none-eabi/12.3.1/thumb/v7e-m+fp/hard\libgcc.a(_arm_addsubdf3.o)
                0x0800041c                __aeabi_drsub
                0x08000424                __aeabi_dsub
                0x08000424                __subdf3
                0x08000428                __aeabi_dadd
                0x08000428                __adddf3
                0x080006a0                __floatunsidf
                0x080006a0                __aeabi_ui2d
                0x080006c0                __floatsidf
                0x080006c0                __aeabi_i2d
                0x080006e4                __aeabi_f2d
                0x080006e4                __extendsfdf2
                0x08000728                __floatundidf
                0x08000728                __aeabi_ul2d
                0x08000738                __floatdidf
                0x08000738                __aeabi_l2d
 .text          0x08000794       0xa0 C:/ST/STM32CubeIDE_1.15.0/STM32CubeIDE/plugins/com.st.stm32cube.ide.mcu.externaltools.gnu-tools-for-stm32.12.3.rel1.win32_1.0.100.202403111256/tools/bin/../lib/gcc/arm-none-eabi/12.3.1/thumb/v7e-m+fp/hard\libgcc.a(_arm_truncdfsf2.o)
                0x08000794                __truncdfsf2
                0x08000794                __aeabi_d2f
 .text          0x08000834       0x30 C:/ST/STM32CubeIDE_1.15.0/STM32CubeIDE/plugins/com.st.stm32cube.ide.mcu.externaltools.gnu-tools-for-stm32.12.3.rel1.win32_1.0.100.202403111256/tools/bin/../lib/gcc/arm-none-eabi/12.3.1/thumb/v7e-m+fp/hard\libgcc.a(_aeabi_uldivmod.o)
                0x08000834                __aeabi_uldivmod
 .text          0x08000864      0x2bc C:/ST/STM32CubeIDE_1.15.0/STM32CubeIDE/plugins/com.st.stm32cube.ide.mcu.externaltools.gnu-tools-for-stm32.12.3.rel1.win32_1.0.100.202403111256/tools/bin/../lib/gcc/arm-none-eabi/12.3.1/thumb/v7e-m+fp/hard\libgcc.a(_udivmoddi4.o)
                0x08000864                __udivmoddi4
 .text          0x08000b20        0x4 C:/ST/STM32CubeIDE_1.15.0/STM32CubeIDE/plugins/com.st.stm32cube.ide.mcu.externaltools.gnu-tools-for-stm32.12.3.rel1.win32_1.0.100.202403111256/tools/bin/../lib/gcc/arm-none-eabi/12.3.1/thumb/v7e-m+fp/hard\libgcc.a(_dvmd_tls.o)
                0x08000b20                __aeabi_idiv0
                0x08000b20                __aeabi_ldiv0
 *(.text*)
 .text.main     0x08000b24      0x15c ./Core/Src/main.o
                0x08000b24                main
 .text.SystemClock_Config
                0x08000c80       0xd4 ./Core/Src/main.o
                0x08000c80                SystemClock_Config
 .text.MX_I2S2_Init
                0x08000d54       0x60 ./Core/Src/main.o
 .text.MX_DMA_Init
                0x08000db4       0x50 ./Core/Src/main.o
 .text.MX_GPIO_Init
                0x08000e04       0xbc ./Core/Src/main.o
 .text.processSignal
                0x08000ec0      0x17c ./Core/Src/main.o
                0x08000ec0                processSignal
 .text.HAL_I2SEx_TxRxHalfCpltCallback
                0x0800103c       0x3c ./Core/Src/main.o
                0x0800103c                HAL_I2SEx_TxRxHalfCpltCallback
 .text.HAL_I2SEx_TxRxCpltCallback
                0x08001078       0x3c ./Core/Src/main.o
                0x08001078                HAL_I2SEx_TxRxCpltCallback
 .text.Error_Handler
                0x080010b4        0xc ./Core/Src/main.o
                0x080010b4                Error_Handler
 .text.peaking_filter_init
                0x080010c0       0x44 ./Core/Src/peaking_filter.o
                0x080010c0                peaking_filter_init
 *fill*         0x08001104        0x4 
 .text.peaking_filter_set_params
                0x08001108      0x1fc ./Core/Src/peaking_filter.o
                0x08001108                peaking_filter_set_params
 .text.peaking_filter_update
                0x08001304       0xb8 ./Core/Src/peaking_filter.o
                0x08001304                peaking_filter_update
 .text.HAL_MspInit
                0x080013bc       0x50 ./Core/Src/stm32f4xx_hal_msp.o
                0x080013bc                HAL_MspInit
 .text.HAL_I2S_MspInit
                0x0800140c      0x1f8 ./Core/Src/stm32f4xx_hal_msp.o
                0x0800140c                HAL_I2S_MspInit
 .text.NMI_Handler
                0x08001604        0x8 ./Core/Src/stm32f4xx_it.o
                0x08001604                NMI_Handler
 .text.HardFault_Handler
                0x0800160c        0x8 ./Core/Src/stm32f4xx_it.o
                0x0800160c                HardFault_Handler
 .text.MemManage_Handler
                0x08001614        0x8 ./Core/Src/stm32f4xx_it.o
                0x08001614                MemManage_Handler
 .text.BusFault_Handler
                0x0800161c        0x8 ./Core/Src/stm32f4xx_it.o
                0x0800161c                BusFault_Handler
 .text.UsageFault_Handler
                0x08001624        0x8 ./Core/Src/stm32f4xx_it.o
                0x08001624                UsageFault_Handler
 .text.SVC_Handler
                0x0800162c        0xe ./Core/Src/stm32f4xx_it.o
                0x0800162c                SVC_Handler
 .text.DebugMon_Handler
                0x0800163a        0xe ./Core/Src/stm32f4xx_it.o
                0x0800163a                DebugMon_Handler
 .text.PendSV_Handler
                0x08001648        0xe ./Core/Src/stm32f4xx_it.o
                0x08001648                PendSV_Handler
 .text.SysTick_Handler
                0x08001656        0xc ./Core/Src/stm32f4xx_it.o
                0x08001656                SysTick_Handler
 *fill*         0x08001662        0x2 
 .text.DMA1_Stream3_IRQHandler
                0x08001664       0x14 ./Core/Src/stm32f4xx_it.o
                0x08001664                DMA1_Stream3_IRQHandler
 .text.DMA1_Stream4_IRQHandler
                0x08001678       0x14 ./Core/Src/stm32f4xx_it.o
                0x08001678                DMA1_Stream4_IRQHandler
 .text.SystemInit
                0x0800168c       0x24 ./Core/Src/system_stm32f4xx.o
                0x0800168c                SystemInit
 .text.Reset_Handler
                0x080016b0       0x50 ./Core/Startup/startup_stm32f405rgtx.o
                0x080016b0                Reset_Handler
 .text.Default_Handler
                0x08001700        0x2 ./Core/Startup/startup_stm32f405rgtx.o
                0x08001700                RTC_Alarm_IRQHandler
                0x08001700                HASH_RNG_IRQHandler
                0x08001700                EXTI2_IRQHandler
                0x08001700                TIM8_CC_IRQHandler
                0x08001700                TIM1_CC_IRQHandler
                0x08001700                DMA2_Stream5_IRQHandler
                0x08001700                DMA1_Stream5_IRQHandler
                0x08001700                PVD_IRQHandler
                0x08001700                SDIO_IRQHandler
                0x08001700                TAMP_STAMP_IRQHandler
                0x08001700                CAN2_RX1_IRQHandler
                0x08001700                EXTI3_IRQHandler
                0x08001700                TIM8_TRG_COM_TIM14_IRQHandler
                0x08001700                TIM1_UP_TIM10_IRQHandler
                0x08001700                TIM8_UP_TIM13_IRQHandler
                0x08001700                I2C3_ER_IRQHandler
                0x08001700                EXTI0_IRQHandler
                0x08001700                I2C2_EV_IRQHandler
                0x08001700                DMA1_Stream2_IRQHandler
                0x08001700                CAN1_RX0_IRQHandler
                0x08001700                FPU_IRQHandler
                0x08001700                OTG_HS_WKUP_IRQHandler
                0x08001700                CAN2_SCE_IRQHandler
                0x08001700                DMA2_Stream2_IRQHandler
                0x08001700                SPI1_IRQHandler
                0x08001700                TIM6_DAC_IRQHandler
                0x08001700                TIM1_BRK_TIM9_IRQHandler
                0x08001700                CAN2_RX0_IRQHandler
                0x08001700                DMA2_Stream3_IRQHandler
                0x08001700                USART6_IRQHandler
                0x08001700                USART3_IRQHandler
                0x08001700                CAN1_RX1_IRQHandler
                0x08001700                UART5_IRQHandler
                0x08001700                DMA2_Stream0_IRQHandler
                0x08001700                TIM4_IRQHandler
                0x08001700                I2C1_EV_IRQHandler
                0x08001700                DMA1_Stream6_IRQHandler
                0x08001700                DMA1_Stream1_IRQHandler
                0x08001700                UART4_IRQHandler
                0x08001700                TIM3_IRQHandler
                0x08001700                RCC_IRQHandler
                0x08001700                TIM8_BRK_TIM12_IRQHandler
                0x08001700                Default_Handler
                0x08001700                EXTI15_10_IRQHandler
                0x08001700                ADC_IRQHandler
                0x08001700                DMA1_Stream7_IRQHandler
                0x08001700                TIM7_IRQHandler
                0x08001700                CAN2_TX_IRQHandler
                0x08001700                TIM5_IRQHandler
                0x08001700                DMA2_Stream7_IRQHandler
                0x08001700                I2C3_EV_IRQHandler
                0x08001700                EXTI9_5_IRQHandler
                0x08001700                RTC_WKUP_IRQHandler
                0x08001700                SPI2_IRQHandler
                0x08001700                OTG_HS_EP1_IN_IRQHandler
                0x08001700                DMA1_Stream0_IRQHandler
                0x08001700                CAN1_TX_IRQHandler
                0x08001700                EXTI4_IRQHandler
                0x08001700                FSMC_IRQHandler
                0x08001700                OTG_HS_EP1_OUT_IRQHandler
                0x08001700                WWDG_IRQHandler
                0x08001700                TIM2_IRQHandler
                0x08001700                OTG_FS_WKUP_IRQHandler
                0x08001700                TIM1_TRG_COM_TIM11_IRQHandler
                0x08001700                OTG_HS_IRQHandler
                0x08001700                EXTI1_IRQHandler
                0x08001700                USART2_IRQHandler
                0x08001700                I2C2_ER_IRQHandler
                0x08001700                DMA2_Stream1_IRQHandler
                0x08001700                CAN1_SCE_IRQHandler
                0x08001700                FLASH_IRQHandler
                0x08001700                DMA2_Stream4_IRQHandler
                0x08001700                USART1_IRQHandler
                0x08001700                OTG_FS_IRQHandler
                0x08001700                SPI3_IRQHandler
                0x08001700                I2C1_ER_IRQHandler
                0x08001700                DMA2_Stream6_IRQHandler
 *fill*         0x08001702        0x2 
 .text.HAL_Init
                0x08001704       0x44 ./Drivers/STM32F4xx_HAL_Driver/Src/stm32f4xx_hal.o
                0x08001704                HAL_Init
 .text.HAL_InitTick
                0x08001748       0x60 ./Drivers/STM32F4xx_HAL_Driver/Src/stm32f4xx_hal.o
                0x08001748                HAL_InitTick
 .text.HAL_IncTick
                0x080017a8       0x28 ./Drivers/STM32F4xx_HAL_Driver/Src/stm32f4xx_hal.o
                0x080017a8                HAL_IncTick
 .text.HAL_GetTick
                0x080017d0       0x18 ./Drivers/STM32F4xx_HAL_Driver/Src/stm32f4xx_hal.o
                0x080017d0                HAL_GetTick
 .text.__NVIC_SetPriorityGrouping
                0x080017e8       0x48 ./Drivers/STM32F4xx_HAL_Driver/Src/stm32f4xx_hal_cortex.o
 .text.__NVIC_GetPriorityGrouping
                0x08001830       0x1c ./Drivers/STM32F4xx_HAL_Driver/Src/stm32f4xx_hal_cortex.o
 .text.__NVIC_EnableIRQ
                0x0800184c       0x3c ./Drivers/STM32F4xx_HAL_Driver/Src/stm32f4xx_hal_cortex.o
 .text.__NVIC_SetPriority
                0x08001888       0x54 ./Drivers/STM32F4xx_HAL_Driver/Src/stm32f4xx_hal_cortex.o
 .text.NVIC_EncodePriority
                0x080018dc       0x66 ./Drivers/STM32F4xx_HAL_Driver/Src/stm32f4xx_hal_cortex.o
 *fill*         0x08001942        0x2 
 .text.SysTick_Config
                0x08001944       0x44 ./Drivers/STM32F4xx_HAL_Driver/Src/stm32f4xx_hal_cortex.o
 .text.HAL_NVIC_SetPriorityGrouping
                0x08001988       0x16 ./Drivers/STM32F4xx_HAL_Driver/Src/stm32f4xx_hal_cortex.o
                0x08001988                HAL_NVIC_SetPriorityGrouping
 .text.HAL_NVIC_SetPriority
                0x0800199e       0x38 ./Drivers/STM32F4xx_HAL_Driver/Src/stm32f4xx_hal_cortex.o
                0x0800199e                HAL_NVIC_SetPriority
 .text.HAL_NVIC_EnableIRQ
                0x080019d6       0x1c ./Drivers/STM32F4xx_HAL_Driver/Src/stm32f4xx_hal_cortex.o
                0x080019d6                HAL_NVIC_EnableIRQ
 .text.HAL_SYSTICK_Config
                0x080019f2       0x18 ./Drivers/STM32F4xx_HAL_Driver/Src/stm32f4xx_hal_cortex.o
                0x080019f2                HAL_SYSTICK_Config
 *fill*         0x08001a0a        0x2 
 .text.HAL_DMA_Init
                0x08001a0c      0x15c ./Drivers/STM32F4xx_HAL_Driver/Src/stm32f4xx_hal_dma.o
                0x08001a0c                HAL_DMA_Init
 .text.HAL_DMA_Start_IT
                0x08001b68       0xb0 ./Drivers/STM32F4xx_HAL_Driver/Src/stm32f4xx_hal_dma.o
                0x08001b68                HAL_DMA_Start_IT
 .text.HAL_DMA_IRQHandler
                0x08001c18      0x314 ./Drivers/STM32F4xx_HAL_Driver/Src/stm32f4xx_hal_dma.o
                0x08001c18                HAL_DMA_IRQHandler
 .text.DMA_SetConfig
                0x08001f2c       0x5c ./Drivers/STM32F4xx_HAL_Driver/Src/stm32f4xx_hal_dma.o
 .text.DMA_CalcBaseAndBitshift
                0x08001f88       0x6c ./Drivers/STM32F4xx_HAL_Driver/Src/stm32f4xx_hal_dma.o
 .text.DMA_CheckFifoParam
                0x08001ff4       0xf8 ./Drivers/STM32F4xx_HAL_Driver/Src/stm32f4xx_hal_dma.o
 .text.HAL_GPIO_Init
                0x080020ec      0x338 ./Drivers/STM32F4xx_HAL_Driver/Src/stm32f4xx_hal_gpio.o
                0x080020ec                HAL_GPIO_Init
 .text.HAL_GPIO_WritePin
                0x08002424       0x32 ./Drivers/STM32F4xx_HAL_Driver/Src/stm32f4xx_hal_gpio.o
                0x08002424                HAL_GPIO_WritePin
 *fill*         0x08002456        0x2 
 .text.HAL_I2S_Init
                0x08002458      0x280 ./Drivers/STM32F4xx_HAL_Driver/Src/stm32f4xx_hal_i2s.o
                0x08002458                HAL_I2S_Init
 .text.HAL_I2S_TxCpltCallback
                0x080026d8       0x14 ./Drivers/STM32F4xx_HAL_Driver/Src/stm32f4xx_hal_i2s.o
                0x080026d8                HAL_I2S_TxCpltCallback
 .text.HAL_I2S_RxCpltCallback
                0x080026ec       0x14 ./Drivers/STM32F4xx_HAL_Driver/Src/stm32f4xx_hal_i2s.o
                0x080026ec                HAL_I2S_RxCpltCallback
 .text.HAL_I2S_ErrorCallback
                0x08002700       0x14 ./Drivers/STM32F4xx_HAL_Driver/Src/stm32f4xx_hal_i2s.o
                0x08002700                HAL_I2S_ErrorCallback
 .text.I2S_Transmit_IT
                0x08002714       0x5c ./Drivers/STM32F4xx_HAL_Driver/Src/stm32f4xx_hal_i2s.o
 .text.I2S_Receive_IT
                0x08002770       0x5e ./Drivers/STM32F4xx_HAL_Driver/Src/stm32f4xx_hal_i2s.o
 .text.I2S_IRQHandler
                0x080027ce      0x114 ./Drivers/STM32F4xx_HAL_Driver/Src/stm32f4xx_hal_i2s.o
 *fill*         0x080028e2        0x2 
 .text.HAL_I2SEx_TransmitReceive_DMA
                0x080028e4      0x314 ./Drivers/STM32F4xx_HAL_Driver/Src/stm32f4xx_hal_i2s_ex.o
                0x080028e4                HAL_I2SEx_TransmitReceive_DMA
 .text.HAL_I2SEx_FullDuplex_IRQHandler
                0x08002bf8      0x2a8 ./Drivers/STM32F4xx_HAL_Driver/Src/stm32f4xx_hal_i2s_ex.o
                0x08002bf8                HAL_I2SEx_FullDuplex_IRQHandler
 .text.I2SEx_TxRxDMAHalfCplt
                0x08002ea0       0x1c ./Drivers/STM32F4xx_HAL_Driver/Src/stm32f4xx_hal_i2s_ex.o
 .text.I2SEx_TxRxDMACplt
                0x08002ebc       0xd8 ./Drivers/STM32F4xx_HAL_Driver/Src/stm32f4xx_hal_i2s_ex.o
 .text.I2SEx_TxRxDMAError
                0x08002f94       0x80 ./Drivers/STM32F4xx_HAL_Driver/Src/stm32f4xx_hal_i2s_ex.o
 .text.I2SEx_TxISR_I2S
                0x08003014       0x62 ./Drivers/STM32F4xx_HAL_Driver/Src/stm32f4xx_hal_i2s_ex.o
 *fill*         0x08003076        0x2 
 .text.I2SEx_TxISR_I2SExt
                0x08003078       0x98 ./Drivers/STM32F4xx_HAL_Driver/Src/stm32f4xx_hal_i2s_ex.o
 .text.I2SEx_RxISR_I2S
                0x08003110       0x64 ./Drivers/STM32F4xx_HAL_Driver/Src/stm32f4xx_hal_i2s_ex.o
 .text.I2SEx_RxISR_I2SExt
                0x08003174       0x98 ./Drivers/STM32F4xx_HAL_Driver/Src/stm32f4xx_hal_i2s_ex.o
 .text.HAL_RCC_OscConfig
                0x0800320c      0x4f0 ./Drivers/STM32F4xx_HAL_Driver/Src/stm32f4xx_hal_rcc.o
                0x0800320c                HAL_RCC_OscConfig
 .text.HAL_RCC_ClockConfig
                0x080036fc      0x1cc ./Drivers/STM32F4xx_HAL_Driver/Src/stm32f4xx_hal_rcc.o
                0x080036fc                HAL_RCC_ClockConfig
 .text.HAL_RCC_GetSysClockFreq
                0x080038c8      0x20c ./Drivers/STM32F4xx_HAL_Driver/Src/stm32f4xx_hal_rcc.o
                0x080038c8                HAL_RCC_GetSysClockFreq
 .text.HAL_RCCEx_PeriphCLKConfig
                0x08003ad4      0x1c4 ./Drivers/STM32F4xx_HAL_Driver/Src/stm32f4xx_hal_rcc_ex.o
                0x08003ad4                HAL_RCCEx_PeriphCLKConfig
 .text.HAL_RCCEx_GetPeriphCLKFreq
                0x08003c98       0xc0 ./Drivers/STM32F4xx_HAL_Driver/Src/stm32f4xx_hal_rcc_ex.o
                0x08003c98                HAL_RCCEx_GetPeriphCLKFreq
 .text.memset   0x08003d58       0x10 C:/ST/STM32CubeIDE_1.15.0/STM32CubeIDE/plugins/com.st.stm32cube.ide.mcu.externaltools.gnu-tools-for-stm32.12.3.rel1.win32_1.0.100.202403111256/tools/bin/../lib/gcc/arm-none-eabi/12.3.1/../../../../arm-none-eabi/lib/thumb/v7e-m+fp/hard\libc_nano.a(libc_a-memset.o)
                0x08003d58                memset
 .text.__errno  0x08003d68        0xc C:/ST/STM32CubeIDE_1.15.0/STM32CubeIDE/plugins/com.st.stm32cube.ide.mcu.externaltools.gnu-tools-for-stm32.12.3.rel1.win32_1.0.100.202403111256/tools/bin/../lib/gcc/arm-none-eabi/12.3.1/../../../../arm-none-eabi/lib/thumb/v7e-m+fp/hard\libc_nano.a(libc_a-errno.o)
                0x08003d68                __errno
 .text.__libc_init_array
                0x08003d74       0x48 C:/ST/STM32CubeIDE_1.15.0/STM32CubeIDE/plugins/com.st.stm32cube.ide.mcu.externaltools.gnu-tools-for-stm32.12.3.rel1.win32_1.0.100.202403111256/tools/bin/../lib/gcc/arm-none-eabi/12.3.1/../../../../arm-none-eabi/lib/thumb/v7e-m+fp/hard\libc_nano.a(libc_a-init.o)
                0x08003d74                __libc_init_array
 .text.powf     0x08003dbc       0xae C:/ST/STM32CubeIDE_1.15.0/STM32CubeIDE/plugins/com.st.stm32cube.ide.mcu.externaltools.gnu-tools-for-stm32.12.3.rel1.win32_1.0.100.202403111256/tools/bin/../lib/gcc/arm-none-eabi/12.3.1/../../../../arm-none-eabi/lib/thumb/v7e-m+fp/hard\libm.a(libm_a-wf_pow.o)
                0x08003dbc                powf
 .text.finitef  0x08003e6a       0x14 C:/ST/STM32CubeIDE_1.15.0/STM32CubeIDE/plugins/com.st.stm32cube.ide.mcu.externaltools.gnu-tools-for-stm32.12.3.rel1.win32_1.0.100.202403111256/tools/bin/../lib/gcc/arm-none-eabi/12.3.1/../../../../arm-none-eabi/lib/thumb/v7e-m+fp/hard\libm.a(libm_a-sf_finite.o)
                0x08003e6a                finitef
 *fill*         0x08003e7e        0x2 
 .text.__ieee754_powf
                0x08003e80      0x5a0 C:/ST/STM32CubeIDE_1.15.0/STM32CubeIDE/plugins/com.st.stm32cube.ide.mcu.externaltools.gnu-tools-for-stm32.12.3.rel1.win32_1.0.100.202403111256/tools/bin/../lib/gcc/arm-none-eabi/12.3.1/../../../../arm-none-eabi/lib/thumb/v7e-m+fp/hard\libm.a(libm_a-ef_pow.o)
                0x08003e80                __ieee754_powf
 .text.fabsf    0x08004420        0xe C:/ST/STM32CubeIDE_1.15.0/STM32CubeIDE/plugins/com.st.stm32cube.ide.mcu.externaltools.gnu-tools-for-stm32.12.3.rel1.win32_1.0.100.202403111256/tools/bin/../lib/gcc/arm-none-eabi/12.3.1/../../../../arm-none-eabi/lib/thumb/v7e-m+fp/hard\libm.a(libm_a-sf_fabs.o)
                0x08004420                fabsf
 *fill*         0x0800442e        0x2 
 .text.scalbnf  0x08004430       0xcc C:/ST/STM32CubeIDE_1.15.0/STM32CubeIDE/plugins/com.st.stm32cube.ide.mcu.externaltools.gnu-tools-for-stm32.12.3.rel1.win32_1.0.100.202403111256/tools/bin/../lib/gcc/arm-none-eabi/12.3.1/../../../../arm-none-eabi/lib/thumb/v7e-m+fp/hard\libm.a(libm_a-sf_scalbn.o)
                0x08004430                scalbnf
 .text.with_errnof
                0x080044fc       0x1c C:/ST/STM32CubeIDE_1.15.0/STM32CubeIDE/plugins/com.st.stm32cube.ide.mcu.externaltools.gnu-tools-for-stm32.12.3.rel1.win32_1.0.100.202403111256/tools/bin/../lib/gcc/arm-none-eabi/12.3.1/../../../../arm-none-eabi/lib/thumb/v7e-m+fp/hard\libm.a(libm_a-math_errf.o)
 .text.xflowf   0x08004518       0x16 C:/ST/STM32CubeIDE_1.15.0/STM32CubeIDE/plugins/com.st.stm32cube.ide.mcu.externaltools.gnu-tools-for-stm32.12.3.rel1.win32_1.0.100.202403111256/tools/bin/../lib/gcc/arm-none-eabi/12.3.1/../../../../arm-none-eabi/lib/thumb/v7e-m+fp/hard\libm.a(libm_a-math_errf.o)
 *fill*         0x0800452e        0x2 
 .text.__math_uflowf
                0x08004530        0xc C:/ST/STM32CubeIDE_1.15.0/STM32CubeIDE/plugins/com.st.stm32cube.ide.mcu.externaltools.gnu-tools-for-stm32.12.3.rel1.win32_1.0.100.202403111256/tools/bin/../lib/gcc/arm-none-eabi/12.3.1/../../../../arm-none-eabi/lib/thumb/v7e-m+fp/hard\libm.a(libm_a-math_errf.o)
                0x08004530                __math_uflowf
 .text.__math_oflowf
                0x0800453c        0xc C:/ST/STM32CubeIDE_1.15.0/STM32CubeIDE/plugins/com.st.stm32cube.ide.mcu.externaltools.gnu-tools-for-stm32.12.3.rel1.win32_1.0.100.202403111256/tools/bin/../lib/gcc/arm-none-eabi/12.3.1/../../../../arm-none-eabi/lib/thumb/v7e-m+fp/hard\libm.a(libm_a-math_errf.o)
                0x0800453c                __math_oflowf
 .text.__ieee754_sqrtf
                0x08004548        0x6 C:/ST/STM32CubeIDE_1.15.0/STM32CubeIDE/plugins/com.st.stm32cube.ide.mcu.externaltools.gnu-tools-for-stm32.12.3.rel1.win32_1.0.100.202403111256/tools/bin/../lib/gcc/arm-none-eabi/12.3.1/../../../../arm-none-eabi/lib/thumb/v7e-m+fp/hard\libm.a(libm_a-ef_sqrt.o)
                0x08004548                __ieee754_sqrtf
 *(.glue_7)
 .glue_7        0x0800454e        0x0 linker stubs
 *(.glue_7t)
 .glue_7t       0x0800454e        0x0 linker stubs
 *(.eh_frame)
 *fill*         0x0800454e        0x2 
 .eh_frame      0x08004550        0x0 C:/ST/STM32CubeIDE_1.15.0/STM32CubeIDE/plugins/com.st.stm32cube.ide.mcu.externaltools.gnu-tools-for-stm32.12.3.rel1.win32_1.0.100.202403111256/tools/bin/../lib/gcc/arm-none-eabi/12.3.1/thumb/v7e-m+fp/hard/crtbegin.o
 *(.init)
 .init          0x08004550        0x4 C:/ST/STM32CubeIDE_1.15.0/STM32CubeIDE/plugins/com.st.stm32cube.ide.mcu.externaltools.gnu-tools-for-stm32.12.3.rel1.win32_1.0.100.202403111256/tools/bin/../lib/gcc/arm-none-eabi/12.3.1/thumb/v7e-m+fp/hard/crti.o
                0x08004550                _init
 .init          0x08004554        0x8 C:/ST/STM32CubeIDE_1.15.0/STM32CubeIDE/plugins/com.st.stm32cube.ide.mcu.externaltools.gnu-tools-for-stm32.12.3.rel1.win32_1.0.100.202403111256/tools/bin/../lib/gcc/arm-none-eabi/12.3.1/thumb/v7e-m+fp/hard/crtn.o
 *(.fini)
 .fini          0x0800455c        0x4 C:/ST/STM32CubeIDE_1.15.0/STM32CubeIDE/plugins/com.st.stm32cube.ide.mcu.externaltools.gnu-tools-for-stm32.12.3.rel1.win32_1.0.100.202403111256/tools/bin/../lib/gcc/arm-none-eabi/12.3.1/thumb/v7e-m+fp/hard/crti.o
                0x0800455c                _fini
 .fini          0x08004560        0x8 C:/ST/STM32CubeIDE_1.15.0/STM32CubeIDE/plugins/com.st.stm32cube.ide.mcu.externaltools.gnu-tools-for-stm32.12.3.rel1.win32_1.0.100.202403111256/tools/bin/../lib/gcc/arm-none-eabi/12.3.1/thumb/v7e-m+fp/hard/crtn.o
                0x08004568                        . = ALIGN (0x4)
                0x08004568                        _etext = .

.vfp11_veneer   0x08004568        0x0
 .vfp11_veneer  0x08004568        0x0 linker stubs

.v4_bx          0x08004568        0x0
 .v4_bx         0x08004568        0x0 linker stubs

.iplt           0x08004568        0x0
 .iplt          0x08004568        0x0 C:/ST/STM32CubeIDE_1.15.0/STM32CubeIDE/plugins/com.st.stm32cube.ide.mcu.externaltools.gnu-tools-for-stm32.12.3.rel1.win32_1.0.100.202403111256/tools/bin/../lib/gcc/arm-none-eabi/12.3.1/thumb/v7e-m+fp/hard/crtbegin.o

.rodata         0x08004568       0x30
                0x08004568                        . = ALIGN (0x4)
 *(.rodata)
 *(.rodata*)
 .rodata.AHBPrescTable
                0x08004568       0x10 ./Core/Src/system_stm32f4xx.o
                0x08004568                AHBPrescTable
 .rodata.flagBitshiftOffset.0
                0x08004578        0x8 ./Drivers/STM32F4xx_HAL_Driver/Src/stm32f4xx_hal_dma.o
 .rodata.dp_l   0x08004580        0x8 C:/ST/STM32CubeIDE_1.15.0/STM32CubeIDE/plugins/com.st.stm32cube.ide.mcu.externaltools.gnu-tools-for-stm32.12.3.rel1.win32_1.0.100.202403111256/tools/bin/../lib/gcc/arm-none-eabi/12.3.1/../../../../arm-none-eabi/lib/thumb/v7e-m+fp/hard\libm.a(libm_a-ef_pow.o)
 .rodata.dp_h   0x08004588        0x8 C:/ST/STM32CubeIDE_1.15.0/STM32CubeIDE/plugins/com.st.stm32cube.ide.mcu.externaltools.gnu-tools-for-stm32.12.3.rel1.win32_1.0.100.202403111256/tools/bin/../lib/gcc/arm-none-eabi/12.3.1/../../../../arm-none-eabi/lib/thumb/v7e-m+fp/hard\libm.a(libm_a-ef_pow.o)
 .rodata.bp     0x08004590        0x8 C:/ST/STM32CubeIDE_1.15.0/STM32CubeIDE/plugins/com.st.stm32cube.ide.mcu.externaltools.gnu-tools-for-stm32.12.3.rel1.win32_1.0.100.202403111256/tools/bin/../lib/gcc/arm-none-eabi/12.3.1/../../../../arm-none-eabi/lib/thumb/v7e-m+fp/hard\libm.a(libm_a-ef_pow.o)
                0x08004598                        . = ALIGN (0x4)

.ARM.extab      0x08004598        0x0
                0x08004598                        . = ALIGN (0x4)
 *(.ARM.extab* .gnu.linkonce.armextab.*)
                0x08004598                        . = ALIGN (0x4)

.ARM            0x08004598        0x8
                0x08004598                        . = ALIGN (0x4)
                0x08004598                        __exidx_start = .
 *(.ARM.exidx*)
 .ARM.exidx     0x08004598        0x8 C:/ST/STM32CubeIDE_1.15.0/STM32CubeIDE/plugins/com.st.stm32cube.ide.mcu.externaltools.gnu-tools-for-stm32.12.3.rel1.win32_1.0.100.202403111256/tools/bin/../lib/gcc/arm-none-eabi/12.3.1/thumb/v7e-m+fp/hard\libgcc.a(_udivmoddi4.o)
                0x080045a0                        __exidx_end = .
                0x080045a0                        . = ALIGN (0x4)

.preinit_array  0x080045a0        0x0
                0x080045a0                        . = ALIGN (0x4)
                0x080045a0                        PROVIDE (__preinit_array_start = .)
 *(.preinit_array*)
                0x080045a0                        PROVIDE (__preinit_array_end = .)
                0x080045a0                        . = ALIGN (0x4)

.init_array     0x080045a0        0x4
                0x080045a0                        . = ALIGN (0x4)
                0x080045a0                        PROVIDE (__init_array_start = .)
 *(SORT_BY_NAME(.init_array.*))
 *(.init_array*)
 .init_array    0x080045a0        0x4 C:/ST/STM32CubeIDE_1.15.0/STM32CubeIDE/plugins/com.st.stm32cube.ide.mcu.externaltools.gnu-tools-for-stm32.12.3.rel1.win32_1.0.100.202403111256/tools/bin/../lib/gcc/arm-none-eabi/12.3.1/thumb/v7e-m+fp/hard/crtbegin.o
                0x080045a4                        PROVIDE (__init_array_end = .)
                0x080045a4                        . = ALIGN (0x4)

.fini_array     0x080045a4        0x4
                0x080045a4                        . = ALIGN (0x4)
                [!provide]                        PROVIDE (__fini_array_start = .)
 *(SORT_BY_NAME(.fini_array.*))
 *(.fini_array*)
 .fini_array    0x080045a4        0x4 C:/ST/STM32CubeIDE_1.15.0/STM32CubeIDE/plugins/com.st.stm32cube.ide.mcu.externaltools.gnu-tools-for-stm32.12.3.rel1.win32_1.0.100.202403111256/tools/bin/../lib/gcc/arm-none-eabi/12.3.1/thumb/v7e-m+fp/hard/crtbegin.o
                [!provide]                        PROVIDE (__fini_array_end = .)
                0x080045a8                        . = ALIGN (0x4)
                0x080045a8                        _sidata = LOADADDR (.data)

.rel.dyn        0x080045a8        0x0
 .rel.iplt      0x080045a8        0x0 C:/ST/STM32CubeIDE_1.15.0/STM32CubeIDE/plugins/com.st.stm32cube.ide.mcu.externaltools.gnu-tools-for-stm32.12.3.rel1.win32_1.0.100.202403111256/tools/bin/../lib/gcc/arm-none-eabi/12.3.1/thumb/v7e-m+fp/hard/crtbegin.o

.data           0x20000000       0x80 load address 0x080045a8
                0x20000000                        . = ALIGN (0x4)
                0x20000000                        _sdata = .
 *(.data)
 *(.data*)
 .data.LOW_FREQ
                0x20000000        0x4 ./Core/Src/main.o
                0x20000000                LOW_FREQ
 .data.MID_LOW_FREQ
                0x20000004        0x4 ./Core/Src/main.o
                0x20000004                MID_LOW_FREQ
 .data.MID_FREQ
                0x20000008        0x4 ./Core/Src/main.o
                0x20000008                MID_FREQ
 .data.MID_HIGH_FREQ
                0x2000000c        0x4 ./Core/Src/main.o
                0x2000000c                MID_HIGH_FREQ
 .data.HIGH_FREQ
                0x20000010        0x4 ./Core/Src/main.o
                0x20000010                HIGH_FREQ
 .data.gainHighMid
                0x20000014        0x4 ./Core/Src/main.o
                0x20000014                gainHighMid
 .data.gainHighShelf
                0x20000018        0x4 ./Core/Src/main.o
                0x20000018                gainHighShelf
 .data.Q        0x2000001c        0x4 ./Core/Src/main.o
                0x2000001c                Q
 .data.dt       0x20000020        0x4 ./Core/Src/peaking_filter.o
                0x20000020                dt
 .data.SystemCoreClock
                0x20000024        0x4 ./Core/Src/system_stm32f4xx.o
                0x20000024                SystemCoreClock
 .data.uwTickPrio
                0x20000028        0x4 ./Drivers/STM32F4xx_HAL_Driver/Src/stm32f4xx_hal.o
                0x20000028                uwTickPrio
 .data.uwTickFreq
                0x2000002c        0x1 ./Drivers/STM32F4xx_HAL_Driver/Src/stm32f4xx_hal.o
                0x2000002c                uwTickFreq
 *fill*         0x2000002d        0x3 
 .data._impure_ptr
                0x20000030        0x4 C:/ST/STM32CubeIDE_1.15.0/STM32CubeIDE/plugins/com.st.stm32cube.ide.mcu.externaltools.gnu-tools-for-stm32.12.3.rel1.win32_1.0.100.202403111256/tools/bin/../lib/gcc/arm-none-eabi/12.3.1/../../../../arm-none-eabi/lib/thumb/v7e-m+fp/hard\libc_nano.a(libc_a-impure.o)
                0x20000030                _impure_ptr
 .data._impure_data
                0x20000034       0x4c C:/ST/STM32CubeIDE_1.15.0/STM32CubeIDE/plugins/com.st.stm32cube.ide.mcu.externaltools.gnu-tools-for-stm32.12.3.rel1.win32_1.0.100.202403111256/tools/bin/../lib/gcc/arm-none-eabi/12.3.1/../../../../arm-none-eabi/lib/thumb/v7e-m+fp/hard\libc_nano.a(libc_a-impure.o)
                0x20000034                _impure_data
 *(.RamFunc)
 *(.RamFunc*)
                0x20000080                        . = ALIGN (0x4)
                0x20000080                        _edata = .
                0x08004628                        _siccmram = LOADADDR (.ccmram)

.igot.plt       0x20000080        0x0 load address 0x08004628
 .igot.plt      0x20000080        0x0 C:/ST/STM32CubeIDE_1.15.0/STM32CubeIDE/plugins/com.st.stm32cube.ide.mcu.externaltools.gnu-tools-for-stm32.12.3.rel1.win32_1.0.100.202403111256/tools/bin/../lib/gcc/arm-none-eabi/12.3.1/thumb/v7e-m+fp/hard/crtbegin.o

.ccmram         0x10000000        0x0 load address 0x08004628
                0x10000000                        . = ALIGN (0x4)
                0x10000000                        _sccmram = .
 *(.ccmram)
 *(.ccmram*)
                0x10000000                        . = ALIGN (0x4)
                0x10000000                        _eccmram = .
                0x10000000                        . = ALIGN (0x4)

.bss            0x20000080      0x78c
                0x20000080                        _sbss = .
                0x20000080                        __bss_start__ = _sbss
 *(.bss)
 .bss           0x20000080       0x1c C:/ST/STM32CubeIDE_1.15.0/STM32CubeIDE/plugins/com.st.stm32cube.ide.mcu.externaltools.gnu-tools-for-stm32.12.3.rel1.win32_1.0.100.202403111256/tools/bin/../lib/gcc/arm-none-eabi/12.3.1/thumb/v7e-m+fp/hard/crtbegin.o
 *(.bss*)
 .bss.hi2s2     0x2000009c       0x48 ./Core/Src/main.o
                0x2000009c                hi2s2
 .bss.hdma_i2s2_ext_rx
                0x200000e4       0x60 ./Core/Src/main.o
                0x200000e4                hdma_i2s2_ext_rx
 .bss.hdma_spi2_tx
                0x20000144       0x60 ./Core/Src/main.o
                0x20000144                hdma_spi2_tx
 .bss.rxBuf     0x200001a4      0x200 ./Core/Src/main.o
                0x200001a4                rxBuf
 .bss.txBuf     0x200003a4      0x200 ./Core/Src/main.o
                0x200003a4                txBuf
 .bss.isDataReady
                0x200005a4        0x4 ./Core/Src/main.o
                0x200005a4                isDataReady
 .bss.inProcessBuff
                0x200005a8        0x4 ./Core/Src/main.o
 .bss.outProcessBuff
                0x200005ac        0x4 ./Core/Src/main.o
 .bss.lowFilt   0x200005b0       0x34 ./Core/Src/main.o
                0x200005b0                lowFilt
 .bss.midLowFilt
                0x200005e4       0x34 ./Core/Src/main.o
                0x200005e4                midLowFilt
 .bss.midFilt   0x20000618       0x34 ./Core/Src/main.o
                0x20000618                midFilt
 .bss.midHighFilt
                0x2000064c       0x34 ./Core/Src/main.o
                0x2000064c                midHighFilt
 .bss.highFilt  0x20000680       0x34 ./Core/Src/main.o
                0x20000680                highFilt
 .bss.gainLowShelf
                0x200006b4        0x4 ./Core/Src/main.o
                0x200006b4                gainLowShelf
 .bss.gainLowMid
                0x200006b8        0x4 ./Core/Src/main.o
                0x200006b8                gainLowMid
 .bss.gainMid   0x200006bc        0x4 ./Core/Src/main.o
                0x200006bc                gainMid
 .bss.leftIn.3  0x200006c0        0x4 ./Core/Src/main.o
 .bss.rightIn.2
                0x200006c4        0x4 ./Core/Src/main.o
 .bss.leftOut.1
                0x200006c8        0x4 ./Core/Src/main.o
 .bss.rightOut.0
                0x200006cc        0x4 ./Core/Src/main.o
 .bss.uwTick    0x200006d0        0x4 ./Drivers/STM32F4xx_HAL_Driver/Src/stm32f4xx_hal.o
                0x200006d0                uwTick
 .bss.__sf      0x200006d4      0x138 C:/ST/STM32CubeIDE_1.15.0/STM32CubeIDE/plugins/com.st.stm32cube.ide.mcu.externaltools.gnu-tools-for-stm32.12.3.rel1.win32_1.0.100.202403111256/tools/bin/../lib/gcc/arm-none-eabi/12.3.1/../../../../arm-none-eabi/lib/thumb/v7e-m+fp/hard\libc_nano.a(libc_a-findfp.o)
                0x200006d4                __sf
 *(COMMON)
                0x2000080c                        . = ALIGN (0x4)
                0x2000080c                        _ebss = .
                0x2000080c                        __bss_end__ = _ebss

._user_heap_stack
                0x2000080c      0x604
                0x20000810                        . = ALIGN (0x8)
 *fill*         0x2000080c        0x4 
                [!provide]                        PROVIDE (end = .)
                0x20000810                        PROVIDE (_end = .)
                0x20000a10                        . = (. + _Min_Heap_Size)
 *fill*         0x20000810      0x200 
                0x20000e10                        . = (. + _Min_Stack_Size)
 *fill*         0x20000a10      0x400 
                0x20000e10                        . = ALIGN (0x8)

/DISCARD/
 libc.a(*)
 libm.a(*)
 libgcc.a(*)

.ARM.attributes
                0x00000000       0x30
 *(.ARM.attributes)
 .ARM.attributes
                0x00000000       0x22 C:/ST/STM32CubeIDE_1.15.0/STM32CubeIDE/plugins/com.st.stm32cube.ide.mcu.externaltools.gnu-tools-for-stm32.12.3.rel1.win32_1.0.100.202403111256/tools/bin/../lib/gcc/arm-none-eabi/12.3.1/thumb/v7e-m+fp/hard/crti.o
 .ARM.attributes
                0x00000022       0x34 C:/ST/STM32CubeIDE_1.15.0/STM32CubeIDE/plugins/com.st.stm32cube.ide.mcu.externaltools.gnu-tools-for-stm32.12.3.rel1.win32_1.0.100.202403111256/tools/bin/../lib/gcc/arm-none-eabi/12.3.1/thumb/v7e-m+fp/hard/crtbegin.o
 .ARM.attributes
                0x00000056       0x34 ./Core/Src/main.o
 .ARM.attributes
                0x0000008a       0x34 ./Core/Src/peaking_filter.o
 .ARM.attributes
                0x000000be       0x34 ./Core/Src/stm32f4xx_hal_msp.o
 .ARM.attributes
                0x000000f2       0x34 ./Core/Src/stm32f4xx_it.o
 .ARM.attributes
                0x00000126       0x34 ./Core/Src/system_stm32f4xx.o
 .ARM.attributes
                0x0000015a       0x21 ./Core/Startup/startup_stm32f405rgtx.o
 .ARM.attributes
                0x0000017b       0x34 ./Drivers/STM32F4xx_HAL_Driver/Src/stm32f4xx_hal.o
 .ARM.attributes
                0x000001af       0x34 ./Drivers/STM32F4xx_HAL_Driver/Src/stm32f4xx_hal_cortex.o
 .ARM.attributes
                0x000001e3       0x34 ./Drivers/STM32F4xx_HAL_Driver/Src/stm32f4xx_hal_dma.o
 .ARM.attributes
                0x00000217       0x34 ./Drivers/STM32F4xx_HAL_Driver/Src/stm32f4xx_hal_gpio.o
 .ARM.attributes
                0x0000024b       0x34 ./Drivers/STM32F4xx_HAL_Driver/Src/stm32f4xx_hal_i2s.o
 .ARM.attributes
                0x0000027f       0x34 ./Drivers/STM32F4xx_HAL_Driver/Src/stm32f4xx_hal_i2s_ex.o
 .ARM.attributes
                0x000002b3       0x34 ./Drivers/STM32F4xx_HAL_Driver/Src/stm32f4xx_hal_rcc.o
 .ARM.attributes
                0x000002e7       0x34 ./Drivers/STM32F4xx_HAL_Driver/Src/stm32f4xx_hal_rcc_ex.o
 .ARM.attributes
                0x0000031b       0x34 C:/ST/STM32CubeIDE_1.15.0/STM32CubeIDE/plugins/com.st.stm32cube.ide.mcu.externaltools.gnu-tools-for-stm32.12.3.rel1.win32_1.0.100.202403111256/tools/bin/../lib/gcc/arm-none-eabi/12.3.1/../../../../arm-none-eabi/lib/thumb/v7e-m+fp/hard\libc_nano.a(libc_a-findfp.o)
 .ARM.attributes
                0x0000034f       0x34 C:/ST/STM32CubeIDE_1.15.0/STM32CubeIDE/plugins/com.st.stm32cube.ide.mcu.externaltools.gnu-tools-for-stm32.12.3.rel1.win32_1.0.100.202403111256/tools/bin/../lib/gcc/arm-none-eabi/12.3.1/../../../../arm-none-eabi/lib/thumb/v7e-m+fp/hard\libc_nano.a(libc_a-memset.o)
 .ARM.attributes
                0x00000383       0x34 C:/ST/STM32CubeIDE_1.15.0/STM32CubeIDE/plugins/com.st.stm32cube.ide.mcu.externaltools.gnu-tools-for-stm32.12.3.rel1.win32_1.0.100.202403111256/tools/bin/../lib/gcc/arm-none-eabi/12.3.1/../../../../arm-none-eabi/lib/thumb/v7e-m+fp/hard\libc_nano.a(libc_a-impure.o)
 .ARM.attributes
                0x000003b7       0x34 C:/ST/STM32CubeIDE_1.15.0/STM32CubeIDE/plugins/com.st.stm32cube.ide.mcu.externaltools.gnu-tools-for-stm32.12.3.rel1.win32_1.0.100.202403111256/tools/bin/../lib/gcc/arm-none-eabi/12.3.1/../../../../arm-none-eabi/lib/thumb/v7e-m+fp/hard\libc_nano.a(libc_a-errno.o)
 .ARM.attributes
                0x000003eb       0x34 C:/ST/STM32CubeIDE_1.15.0/STM32CubeIDE/plugins/com.st.stm32cube.ide.mcu.externaltools.gnu-tools-for-stm32.12.3.rel1.win32_1.0.100.202403111256/tools/bin/../lib/gcc/arm-none-eabi/12.3.1/../../../../arm-none-eabi/lib/thumb/v7e-m+fp/hard\libc_nano.a(libc_a-init.o)
 .ARM.attributes
                0x0000041f       0x34 C:/ST/STM32CubeIDE_1.15.0/STM32CubeIDE/plugins/com.st.stm32cube.ide.mcu.externaltools.gnu-tools-for-stm32.12.3.rel1.win32_1.0.100.202403111256/tools/bin/../lib/gcc/arm-none-eabi/12.3.1/../../../../arm-none-eabi/lib/thumb/v7e-m+fp/hard\libm.a(libm_a-wf_pow.o)
 .ARM.attributes
                0x00000453       0x34 C:/ST/STM32CubeIDE_1.15.0/STM32CubeIDE/plugins/com.st.stm32cube.ide.mcu.externaltools.gnu-tools-for-stm32.12.3.rel1.win32_1.0.100.202403111256/tools/bin/../lib/gcc/arm-none-eabi/12.3.1/../../../../arm-none-eabi/lib/thumb/v7e-m+fp/hard\libm.a(libm_a-sf_finite.o)
 .ARM.attributes
                0x00000487       0x34 C:/ST/STM32CubeIDE_1.15.0/STM32CubeIDE/plugins/com.st.stm32cube.ide.mcu.externaltools.gnu-tools-for-stm32.12.3.rel1.win32_1.0.100.202403111256/tools/bin/../lib/gcc/arm-none-eabi/12.3.1/../../../../arm-none-eabi/lib/thumb/v7e-m+fp/hard\libm.a(libm_a-ef_pow.o)
 .ARM.attributes
                0x000004bb       0x34 C:/ST/STM32CubeIDE_1.15.0/STM32CubeIDE/plugins/com.st.stm32cube.ide.mcu.externaltools.gnu-tools-for-stm32.12.3.rel1.win32_1.0.100.202403111256/tools/bin/../lib/gcc/arm-none-eabi/12.3.1/../../../../arm-none-eabi/lib/thumb/v7e-m+fp/hard\libm.a(libm_a-sf_fabs.o)
 .ARM.attributes
                0x000004ef       0x34 C:/ST/STM32CubeIDE_1.15.0/STM32CubeIDE/plugins/com.st.stm32cube.ide.mcu.externaltools.gnu-tools-for-stm32.12.3.rel1.win32_1.0.100.202403111256/tools/bin/../lib/gcc/arm-none-eabi/12.3.1/../../../../arm-none-eabi/lib/thumb/v7e-m+fp/hard\libm.a(libm_a-sf_scalbn.o)
 .ARM.attributes
                0x00000523       0x34 C:/ST/STM32CubeIDE_1.15.0/STM32CubeIDE/plugins/com.st.stm32cube.ide.mcu.externaltools.gnu-tools-for-stm32.12.3.rel1.win32_1.0.100.202403111256/tools/bin/../lib/gcc/arm-none-eabi/12.3.1/../../../../arm-none-eabi/lib/thumb/v7e-m+fp/hard\libm.a(libm_a-math_errf.o)
 .ARM.attributes
                0x00000557       0x34 C:/ST/STM32CubeIDE_1.15.0/STM32CubeIDE/plugins/com.st.stm32cube.ide.mcu.externaltools.gnu-tools-for-stm32.12.3.rel1.win32_1.0.100.202403111256/tools/bin/../lib/gcc/arm-none-eabi/12.3.1/../../../../arm-none-eabi/lib/thumb/v7e-m+fp/hard\libm.a(libm_a-ef_sqrt.o)
 .ARM.attributes
                0x0000058b       0x22 C:/ST/STM32CubeIDE_1.15.0/STM32CubeIDE/plugins/com.st.stm32cube.ide.mcu.externaltools.gnu-tools-for-stm32.12.3.rel1.win32_1.0.100.202403111256/tools/bin/../lib/gcc/arm-none-eabi/12.3.1/thumb/v7e-m+fp/hard\libgcc.a(_arm_muldf3.o)
 .ARM.attributes
                0x000005ad       0x22 C:/ST/STM32CubeIDE_1.15.0/STM32CubeIDE/plugins/com.st.stm32cube.ide.mcu.externaltools.gnu-tools-for-stm32.12.3.rel1.win32_1.0.100.202403111256/tools/bin/../lib/gcc/arm-none-eabi/12.3.1/thumb/v7e-m+fp/hard\libgcc.a(_arm_addsubdf3.o)
 .ARM.attributes
                0x000005cf       0x22 C:/ST/STM32CubeIDE_1.15.0/STM32CubeIDE/plugins/com.st.stm32cube.ide.mcu.externaltools.gnu-tools-for-stm32.12.3.rel1.win32_1.0.100.202403111256/tools/bin/../lib/gcc/arm-none-eabi/12.3.1/thumb/v7e-m+fp/hard\libgcc.a(_arm_truncdfsf2.o)
 .ARM.attributes
                0x000005f1       0x22 C:/ST/STM32CubeIDE_1.15.0/STM32CubeIDE/plugins/com.st.stm32cube.ide.mcu.externaltools.gnu-tools-for-stm32.12.3.rel1.win32_1.0.100.202403111256/tools/bin/../lib/gcc/arm-none-eabi/12.3.1/thumb/v7e-m+fp/hard\libgcc.a(_aeabi_uldivmod.o)
 .ARM.attributes
                0x00000613       0x34 C:/ST/STM32CubeIDE_1.15.0/STM32CubeIDE/plugins/com.st.stm32cube.ide.mcu.externaltools.gnu-tools-for-stm32.12.3.rel1.win32_1.0.100.202403111256/tools/bin/../lib/gcc/arm-none-eabi/12.3.1/thumb/v7e-m+fp/hard\libgcc.a(_udivmoddi4.o)
 .ARM.attributes
                0x00000647       0x22 C:/ST/STM32CubeIDE_1.15.0/STM32CubeIDE/plugins/com.st.stm32cube.ide.mcu.externaltools.gnu-tools-for-stm32.12.3.rel1.win32_1.0.100.202403111256/tools/bin/../lib/gcc/arm-none-eabi/12.3.1/thumb/v7e-m+fp/hard\libgcc.a(_dvmd_tls.o)
 .ARM.attributes
                0x00000669       0x22 C:/ST/STM32CubeIDE_1.15.0/STM32CubeIDE/plugins/com.st.stm32cube.ide.mcu.externaltools.gnu-tools-for-stm32.12.3.rel1.win32_1.0.100.202403111256/tools/bin/../lib/gcc/arm-none-eabi/12.3.1/thumb/v7e-m+fp/hard/crtn.o
OUTPUT(STM32F405_EQ_Test.elf elf32-littlearm)
LOAD linker stubs
LOAD C:/ST/STM32CubeIDE_1.15.0/STM32CubeIDE/plugins/com.st.stm32cube.ide.mcu.externaltools.gnu-tools-for-stm32.12.3.rel1.win32_1.0.100.202403111256/tools/bin/../lib/gcc/arm-none-eabi/12.3.1/../../../../arm-none-eabi/lib/thumb/v7e-m+fp/hard\libc.a
LOAD C:/ST/STM32CubeIDE_1.15.0/STM32CubeIDE/plugins/com.st.stm32cube.ide.mcu.externaltools.gnu-tools-for-stm32.12.3.rel1.win32_1.0.100.202403111256/tools/bin/../lib/gcc/arm-none-eabi/12.3.1/../../../../arm-none-eabi/lib/thumb/v7e-m+fp/hard\libm.a
LOAD C:/ST/STM32CubeIDE_1.15.0/STM32CubeIDE/plugins/com.st.stm32cube.ide.mcu.externaltools.gnu-tools-for-stm32.12.3.rel1.win32_1.0.100.202403111256/tools/bin/../lib/gcc/arm-none-eabi/12.3.1/thumb/v7e-m+fp/hard\libgcc.a

.debug_info     0x00000000     0x7442
 .debug_info    0x00000000     0x1212 ./Core/Src/main.o
 .debug_info    0x00001212      0x1cd ./Core/Src/peaking_filter.o
 .debug_info    0x000013df      0xa71 ./Core/Src/stm32f4xx_hal_msp.o
 .debug_info    0x00001e50      0x3c1 ./Core/Src/stm32f4xx_it.o
 .debug_info    0x00002211      0x512 ./Core/Src/system_stm32f4xx.o
 .debug_info    0x00002723       0x30 ./Core/Startup/startup_stm32f405rgtx.o
 .debug_info    0x00002753      0x932 ./Drivers/STM32F4xx_HAL_Driver/Src/stm32f4xx_hal.o
 .debug_info    0x00003085      0xd45 ./Drivers/STM32F4xx_HAL_Driver/Src/stm32f4xx_hal_cortex.o
 .debug_info    0x00003dca      0x8e7 ./Drivers/STM32F4xx_HAL_Driver/Src/stm32f4xx_hal_dma.o
 .debug_info    0x000046b1      0x6c3 ./Drivers/STM32F4xx_HAL_Driver/Src/stm32f4xx_hal_gpio.o
 .debug_info    0x00004d74      0xdf8 ./Drivers/STM32F4xx_HAL_Driver/Src/stm32f4xx_hal_i2s.o
 .debug_info    0x00005b6c      0xaeb ./Drivers/STM32F4xx_HAL_Driver/Src/stm32f4xx_hal_i2s_ex.o
 .debug_info    0x00006657      0x8b1 ./Drivers/STM32F4xx_HAL_Driver/Src/stm32f4xx_hal_rcc.o
 .debug_info    0x00006f08      0x53a ./Drivers/STM32F4xx_HAL_Driver/Src/stm32f4xx_hal_rcc_ex.o

.debug_abbrev   0x00000000     0x1b5a
 .debug_abbrev  0x00000000      0x2da ./Core/Src/main.o
 .debug_abbrev  0x000002da      0x13f ./Core/Src/peaking_filter.o
 .debug_abbrev  0x00000419      0x1e1 ./Core/Src/stm32f4xx_hal_msp.o
 .debug_abbrev  0x000005fa      0x16b ./Core/Src/stm32f4xx_it.o
 .debug_abbrev  0x00000765      0x11a ./Core/Src/system_stm32f4xx.o
 .debug_abbrev  0x0000087f       0x24 ./Core/Startup/startup_stm32f405rgtx.o
 .debug_abbrev  0x000008a3      0x214 ./Drivers/STM32F4xx_HAL_Driver/Src/stm32f4xx_hal.o
 .debug_abbrev  0x00000ab7      0x328 ./Drivers/STM32F4xx_HAL_Driver/Src/stm32f4xx_hal_cortex.o
 .debug_abbrev  0x00000ddf      0x264 ./Drivers/STM32F4xx_HAL_Driver/Src/stm32f4xx_hal_dma.o
 .debug_abbrev  0x00001043      0x1d4 ./Drivers/STM32F4xx_HAL_Driver/Src/stm32f4xx_hal_gpio.o
 .debug_abbrev  0x00001217      0x256 ./Drivers/STM32F4xx_HAL_Driver/Src/stm32f4xx_hal_i2s.o
 .debug_abbrev  0x0000146d      0x288 ./Drivers/STM32F4xx_HAL_Driver/Src/stm32f4xx_hal_i2s_ex.o
 .debug_abbrev  0x000016f5      0x2b6 ./Drivers/STM32F4xx_HAL_Driver/Src/stm32f4xx_hal_rcc.o
 .debug_abbrev  0x000019ab      0x1af ./Drivers/STM32F4xx_HAL_Driver/Src/stm32f4xx_hal_rcc_ex.o

.debug_aranges  0x00000000      0x6d8
 .debug_aranges
                0x00000000       0x60 ./Core/Src/main.o
 .debug_aranges
                0x00000060       0x30 ./Core/Src/peaking_filter.o
 .debug_aranges
                0x00000090       0x30 ./Core/Src/stm32f4xx_hal_msp.o
 .debug_aranges
                0x000000c0       0x70 ./Core/Src/stm32f4xx_it.o
 .debug_aranges
                0x00000130       0x28 ./Core/Src/system_stm32f4xx.o
 .debug_aranges
                0x00000158       0x28 ./Core/Startup/startup_stm32f405rgtx.o
 .debug_aranges
                0x00000180       0xf0 ./Drivers/STM32F4xx_HAL_Driver/Src/stm32f4xx_hal.o
 .debug_aranges
                0x00000270      0x120 ./Drivers/STM32F4xx_HAL_Driver/Src/stm32f4xx_hal_cortex.o
 .debug_aranges
                0x00000390       0x90 ./Drivers/STM32F4xx_HAL_Driver/Src/stm32f4xx_hal_dma.o
 .debug_aranges
                0x00000420       0x58 ./Drivers/STM32F4xx_HAL_Driver/Src/stm32f4xx_hal_gpio.o
 .debug_aranges
                0x00000478      0x108 ./Drivers/STM32F4xx_HAL_Driver/Src/stm32f4xx_hal_i2s.o
 .debug_aranges
                0x00000580       0x88 ./Drivers/STM32F4xx_HAL_Driver/Src/stm32f4xx_hal_i2s_ex.o
 .debug_aranges
                0x00000608       0x88 ./Drivers/STM32F4xx_HAL_Driver/Src/stm32f4xx_hal_rcc.o
 .debug_aranges
                0x00000690       0x48 ./Drivers/STM32F4xx_HAL_Driver/Src/stm32f4xx_hal_rcc_ex.o

.debug_rnglists
                0x00000000      0x50d
 .debug_rnglists
                0x00000000       0x47 ./Core/Src/main.o
 .debug_rnglists
                0x00000047       0x21 ./Core/Src/peaking_filter.o
 .debug_rnglists
                0x00000068       0x20 ./Core/Src/stm32f4xx_hal_msp.o
 .debug_rnglists
                0x00000088       0x4f ./Core/Src/stm32f4xx_it.o
 .debug_rnglists
                0x000000d7       0x1a ./Core/Src/system_stm32f4xx.o
 .debug_rnglists
                0x000000f1       0x19 ./Core/Startup/startup_stm32f405rgtx.o
 .debug_rnglists
                0x0000010a       0xaf ./Drivers/STM32F4xx_HAL_Driver/Src/stm32f4xx_hal.o
 .debug_rnglists
                0x000001b9       0xd4 ./Drivers/STM32F4xx_HAL_Driver/Src/stm32f4xx_hal_cortex.o
 .debug_rnglists
                0x0000028d       0x70 ./Drivers/STM32F4xx_HAL_Driver/Src/stm32f4xx_hal_dma.o
 .debug_rnglists
                0x000002fd       0x3f ./Drivers/STM32F4xx_HAL_Driver/Src/stm32f4xx_hal_gpio.o
 .debug_rnglists
                0x0000033c       0xcc ./Drivers/STM32F4xx_HAL_Driver/Src/stm32f4xx_hal_i2s.o
 .debug_rnglists
                0x00000408       0x6a ./Drivers/STM32F4xx_HAL_Driver/Src/stm32f4xx_hal_i2s_ex.o
 .debug_rnglists
                0x00000472       0x66 ./Drivers/STM32F4xx_HAL_Driver/Src/stm32f4xx_hal_rcc.o
 .debug_rnglists
                0x000004d8       0x35 ./Drivers/STM32F4xx_HAL_Driver/Src/stm32f4xx_hal_rcc_ex.o

.debug_macro    0x00000000    0x1e943
 .debug_macro   0x00000000      0x2ce ./Core/Src/main.o
 .debug_macro   0x000002ce      0xab4 ./Core/Src/main.o
 .debug_macro   0x00000d82      0x295 ./Core/Src/main.o
 .debug_macro   0x00001017       0x2e ./Core/Src/main.o
 .debug_macro   0x00001045       0x2f ./Core/Src/main.o
 .debug_macro   0x00001074       0x22 ./Core/Src/main.o
 .debug_macro   0x00001096       0x8e ./Core/Src/main.o
 .debug_macro   0x00001124       0x51 ./Core/Src/main.o
 .debug_macro   0x00001175      0x103 ./Core/Src/main.o
 .debug_macro   0x00001278       0x6a ./Core/Src/main.o
 .debug_macro   0x000012e2      0x1df ./Core/Src/main.o
 .debug_macro   0x000014c1       0x1c ./Core/Src/main.o
 .debug_macro   0x000014dd       0x22 ./Core/Src/main.o
 .debug_macro   0x000014ff       0xfb ./Core/Src/main.o
 .debug_macro   0x000015fa     0x1011 ./Core/Src/main.o
 .debug_macro   0x0000260b      0x11f ./Core/Src/main.o
 .debug_macro   0x0000272a    0x1426d ./Core/Src/main.o
 .debug_macro   0x00016997       0x6d ./Core/Src/main.o
 .debug_macro   0x00016a04     0x368c ./Core/Src/main.o
 .debug_macro   0x0001a090      0x189 ./Core/Src/main.o
 .debug_macro   0x0001a219       0x5c ./Core/Src/main.o
 .debug_macro   0x0001a275      0x8bc ./Core/Src/main.o
 .debug_macro   0x0001ab31      0x9e9 ./Core/Src/main.o
 .debug_macro   0x0001b51a      0x115 ./Core/Src/main.o
 .debug_macro   0x0001b62f      0x130 ./Core/Src/main.o
 .debug_macro   0x0001b75f       0xa5 ./Core/Src/main.o
 .debug_macro   0x0001b804      0x174 ./Core/Src/main.o
 .debug_macro   0x0001b978      0x287 ./Core/Src/main.o
 .debug_macro   0x0001bbff       0x5f ./Core/Src/main.o
 .debug_macro   0x0001bc5e      0x236 ./Core/Src/main.o
 .debug_macro   0x0001be94      0x12c ./Core/Src/main.o
 .debug_macro   0x0001bfc0      0x21e ./Core/Src/main.o
 .debug_macro   0x0001c1de       0x2e ./Core/Src/main.o
 .debug_macro   0x0001c20c      0x1a7 ./Core/Src/main.o
 .debug_macro   0x0001c3b3       0x46 ./Core/Src/main.o
 .debug_macro   0x0001c3f9       0x4a ./Core/Src/main.o
 .debug_macro   0x0001c443      0x127 ./Core/Src/main.o
 .debug_macro   0x0001c56a       0x7e ./Core/Src/main.o
 .debug_macro   0x0001c5e8       0x89 ./Core/Src/main.o
 .debug_macro   0x0001c671      0x12d ./Core/Src/main.o
 .debug_macro   0x0001c79e       0x61 ./Core/Src/main.o
 .debug_macro   0x0001c7ff       0x2a ./Core/Src/main.o
 .debug_macro   0x0001c829       0x43 ./Core/Src/main.o
 .debug_macro   0x0001c86c       0x34 ./Core/Src/main.o
 .debug_macro   0x0001c8a0       0x16 ./Core/Src/main.o
 .debug_macro   0x0001c8b6       0x35 ./Core/Src/main.o
 .debug_macro   0x0001c8eb      0x369 ./Core/Src/main.o
 .debug_macro   0x0001cc54       0x10 ./Core/Src/main.o
 .debug_macro   0x0001cc64       0x16 ./Core/Src/main.o
 .debug_macro   0x0001cc7a       0x43 ./Core/Src/main.o
 .debug_macro   0x0001ccbd       0x34 ./Core/Src/main.o
 .debug_macro   0x0001ccf1       0x10 ./Core/Src/main.o
 .debug_macro   0x0001cd01       0x58 ./Core/Src/main.o
 .debug_macro   0x0001cd59       0x8e ./Core/Src/main.o
 .debug_macro   0x0001cde7       0x1c ./Core/Src/main.o
 .debug_macro   0x0001ce03      0x177 ./Core/Src/main.o
 .debug_macro   0x0001cf7a       0x16 ./Core/Src/main.o
 .debug_macro   0x0001cf90       0x16 ./Core/Src/main.o
 .debug_macro   0x0001cfa6      0x146 ./Core/Src/main.o
 .debug_macro   0x0001d0ec      0x19b ./Core/Src/main.o
 .debug_macro   0x0001d287      0x11d ./Core/Src/peaking_filter.o
 .debug_macro   0x0001d3a4       0x5b ./Core/Src/peaking_filter.o
 .debug_macro   0x0001d3ff       0x94 ./Core/Src/peaking_filter.o
 .debug_macro   0x0001d493       0x57 ./Core/Src/peaking_filter.o
 .debug_macro   0x0001d4ea      0x1d3 ./Core/Src/stm32f4xx_hal_msp.o
 .debug_macro   0x0001d6bd      0x1dd ./Core/Src/stm32f4xx_it.o
 .debug_macro   0x0001d89a      0x1c9 ./Core/Src/system_stm32f4xx.o
 .debug_macro   0x0001da63      0x229 ./Drivers/STM32F4xx_HAL_Driver/Src/stm32f4xx_hal.o
 .debug_macro   0x0001dc8c      0x1c9 ./Drivers/STM32F4xx_HAL_Driver/Src/stm32f4xx_hal_cortex.o
 .debug_macro   0x0001de55      0x1cf ./Drivers/STM32F4xx_HAL_Driver/Src/stm32f4xx_hal_dma.o
 .debug_macro   0x0001e024      0x1cf ./Drivers/STM32F4xx_HAL_Driver/Src/stm32f4xx_hal_gpio.o
 .debug_macro   0x0001e1f3      0x1d1 ./Drivers/STM32F4xx_HAL_Driver/Src/stm32f4xx_hal_i2s.o
 .debug_macro   0x0001e3c4      0x1c9 ./Drivers/STM32F4xx_HAL_Driver/Src/stm32f4xx_hal_i2s_ex.o
 .debug_macro   0x0001e58d      0x1ed ./Drivers/STM32F4xx_HAL_Driver/Src/stm32f4xx_hal_rcc.o
 .debug_macro   0x0001e77a      0x1c9 ./Drivers/STM32F4xx_HAL_Driver/Src/stm32f4xx_hal_rcc_ex.o

.debug_line     0x00000000     0x9c6b
 .debug_line    0x00000000      0xadd ./Core/Src/main.o
 .debug_line    0x00000add      0x694 ./Core/Src/peaking_filter.o
 .debug_line    0x00001171      0x80b ./Core/Src/stm32f4xx_hal_msp.o
 .debug_line    0x0000197c      0x829 ./Core/Src/stm32f4xx_it.o
 .debug_line    0x000021a5      0x7bb ./Core/Src/system_stm32f4xx.o
 .debug_line    0x00002960       0x7a ./Core/Startup/startup_stm32f405rgtx.o
 .debug_line    0x000029da      0xa24 ./Drivers/STM32F4xx_HAL_Driver/Src/stm32f4xx_hal.o
 .debug_line    0x000033fe      0xcec ./Drivers/STM32F4xx_HAL_Driver/Src/stm32f4xx_hal_cortex.o
 .debug_line    0x000040ea      0xf94 ./Drivers/STM32F4xx_HAL_Driver/Src/stm32f4xx_hal_dma.o
 .debug_line    0x0000507e      0xbb0 ./Drivers/STM32F4xx_HAL_Driver/Src/stm32f4xx_hal_gpio.o
 .debug_line    0x00005c2e     0x13b6 ./Drivers/STM32F4xx_HAL_Driver/Src/stm32f4xx_hal_i2s.o
 .debug_line    0x00006fe4     0x14b6 ./Drivers/STM32F4xx_HAL_Driver/Src/stm32f4xx_hal_i2s_ex.o
 .debug_line    0x0000849a      0xd97 ./Drivers/STM32F4xx_HAL_Driver/Src/stm32f4xx_hal_rcc.o
 .debug_line    0x00009231      0xa3a ./Drivers/STM32F4xx_HAL_Driver/Src/stm32f4xx_hal_rcc_ex.o

.debug_str      0x00000000    0xb7b23
 .debug_str     0x00000000    0xb62c2 ./Core/Src/main.o
                              0xb65e4 (size before relaxing)
 .debug_str     0x000b62c2       0x5f ./Core/Src/peaking_filter.o
                               0x7a3e (size before relaxing)
 .debug_str     0x000b6321      0x10e ./Core/Src/stm32f4xx_hal_msp.o
                              0xb1ea8 (size before relaxing)
 .debug_str     0x000b642f      0x10c ./Core/Src/stm32f4xx_it.o
                              0xb1ae9 (size before relaxing)
 .debug_str     0x000b653b       0xdb ./Core/Src/system_stm32f4xx.o
                              0xb1952 (size before relaxing)
 .debug_str     0x000b6616       0x44 ./Core/Startup/startup_stm32f405rgtx.o
                                 0x82 (size before relaxing)
 .debug_str     0x000b665a      0x617 ./Drivers/STM32F4xx_HAL_Driver/Src/stm32f4xx_hal.o
                              0xb24b5 (size before relaxing)
 .debug_str     0x000b6c71      0x34e ./Drivers/STM32F4xx_HAL_Driver/Src/stm32f4xx_hal_cortex.o
                              0xb21ff (size before relaxing)
 .debug_str     0x000b6fbf      0x2f9 ./Drivers/STM32F4xx_HAL_Driver/Src/stm32f4xx_hal_dma.o
                              0xb1d6c (size before relaxing)
 .debug_str     0x000b72b8      0x121 ./Drivers/STM32F4xx_HAL_Driver/Src/stm32f4xx_hal_gpio.o
                              0xb1acd (size before relaxing)
 .debug_str     0x000b73d9      0x2c0 ./Drivers/STM32F4xx_HAL_Driver/Src/stm32f4xx_hal_i2s.o
                              0xb1f43 (size before relaxing)
 .debug_str     0x000b7699      0x184 ./Drivers/STM32F4xx_HAL_Driver/Src/stm32f4xx_hal_i2s_ex.o
                              0xb1e4e (size before relaxing)
 .debug_str     0x000b781d      0x228 ./Drivers/STM32F4xx_HAL_Driver/Src/stm32f4xx_hal_rcc.o
                              0xb1d86 (size before relaxing)
 .debug_str     0x000b7a45       0xde ./Drivers/STM32F4xx_HAL_Driver/Src/stm32f4xx_hal_rcc_ex.o
                              0xb1aa4 (size before relaxing)

.comment        0x00000000       0x43
 .comment       0x00000000       0x43 ./Core/Src/main.o
                                 0x44 (size before relaxing)
 .comment       0x00000043       0x44 ./Core/Src/peaking_filter.o
 .comment       0x00000043       0x44 ./Core/Src/stm32f4xx_hal_msp.o
 .comment       0x00000043       0x44 ./Core/Src/stm32f4xx_it.o
 .comment       0x00000043       0x44 ./Core/Src/system_stm32f4xx.o
 .comment       0x00000043       0x44 ./Drivers/STM32F4xx_HAL_Driver/Src/stm32f4xx_hal.o
 .comment       0x00000043       0x44 ./Drivers/STM32F4xx_HAL_Driver/Src/stm32f4xx_hal_cortex.o
 .comment       0x00000043       0x44 ./Drivers/STM32F4xx_HAL_Driver/Src/stm32f4xx_hal_dma.o
 .comment       0x00000043       0x44 ./Drivers/STM32F4xx_HAL_Driver/Src/stm32f4xx_hal_gpio.o
 .comment       0x00000043       0x44 ./Drivers/STM32F4xx_HAL_Driver/Src/stm32f4xx_hal_i2s.o
 .comment       0x00000043       0x44 ./Drivers/STM32F4xx_HAL_Driver/Src/stm32f4xx_hal_i2s_ex.o
 .comment       0x00000043       0x44 ./Drivers/STM32F4xx_HAL_Driver/Src/stm32f4xx_hal_rcc.o
 .comment       0x00000043       0x44 ./Drivers/STM32F4xx_HAL_Driver/Src/stm32f4xx_hal_rcc_ex.o

.debug_frame    0x00000000     0x1e20
 .debug_frame   0x00000000      0x140 ./Core/Src/main.o
 .debug_frame   0x00000140       0x94 ./Core/Src/peaking_filter.o
 .debug_frame   0x000001d4       0x80 ./Core/Src/stm32f4xx_hal_msp.o
 .debug_frame   0x00000254      0x13c ./Core/Src/stm32f4xx_it.o
 .debug_frame   0x00000390       0x58 ./Core/Src/system_stm32f4xx.o
 .debug_frame   0x000003e8      0x374 ./Drivers/STM32F4xx_HAL_Driver/Src/stm32f4xx_hal.o
 .debug_frame   0x0000075c      0x4b8 ./Drivers/STM32F4xx_HAL_Driver/Src/stm32f4xx_hal_cortex.o
 .debug_frame   0x00000c14      0x250 ./Drivers/STM32F4xx_HAL_Driver/Src/stm32f4xx_hal_dma.o
 .debug_frame   0x00000e64      0x14c ./Drivers/STM32F4xx_HAL_Driver/Src/stm32f4xx_hal_gpio.o
 .debug_frame   0x00000fb0      0x484 ./Drivers/STM32F4xx_HAL_Driver/Src/stm32f4xx_hal_i2s.o
 .debug_frame   0x00001434      0x220 ./Drivers/STM32F4xx_HAL_Driver/Src/stm32f4xx_hal_i2s_ex.o
 .debug_frame   0x00001654      0x1f4 ./Drivers/STM32F4xx_HAL_Driver/Src/stm32f4xx_hal_rcc.o
 .debug_frame   0x00001848       0xf0 ./Drivers/STM32F4xx_HAL_Driver/Src/stm32f4xx_hal_rcc_ex.o
 .debug_frame   0x00001938      0x144 C:/ST/STM32CubeIDE_1.15.0/STM32CubeIDE/plugins/com.st.stm32cube.ide.mcu.externaltools.gnu-tools-for-stm32.12.3.rel1.win32_1.0.100.202403111256/tools/bin/../lib/gcc/arm-none-eabi/12.3.1/../../../../arm-none-eabi/lib/thumb/v7e-m+fp/hard\libc_nano.a(libc_a-findfp.o)
 .debug_frame   0x00001a7c       0x20 C:/ST/STM32CubeIDE_1.15.0/STM32CubeIDE/plugins/com.st.stm32cube.ide.mcu.externaltools.gnu-tools-for-stm32.12.3.rel1.win32_1.0.100.202403111256/tools/bin/../lib/gcc/arm-none-eabi/12.3.1/../../../../arm-none-eabi/lib/thumb/v7e-m+fp/hard\libc_nano.a(libc_a-memset.o)
 .debug_frame   0x00001a9c       0x20 C:/ST/STM32CubeIDE_1.15.0/STM32CubeIDE/plugins/com.st.stm32cube.ide.mcu.externaltools.gnu-tools-for-stm32.12.3.rel1.win32_1.0.100.202403111256/tools/bin/../lib/gcc/arm-none-eabi/12.3.1/../../../../arm-none-eabi/lib/thumb/v7e-m+fp/hard\libc_nano.a(libc_a-errno.o)
 .debug_frame   0x00001abc       0x2c C:/ST/STM32CubeIDE_1.15.0/STM32CubeIDE/plugins/com.st.stm32cube.ide.mcu.externaltools.gnu-tools-for-stm32.12.3.rel1.win32_1.0.100.202403111256/tools/bin/../lib/gcc/arm-none-eabi/12.3.1/../../../../arm-none-eabi/lib/thumb/v7e-m+fp/hard\libc_nano.a(libc_a-init.o)
 .debug_frame   0x00001ae8       0x48 C:/ST/STM32CubeIDE_1.15.0/STM32CubeIDE/plugins/com.st.stm32cube.ide.mcu.externaltools.gnu-tools-for-stm32.12.3.rel1.win32_1.0.100.202403111256/tools/bin/../lib/gcc/arm-none-eabi/12.3.1/../../../../arm-none-eabi/lib/thumb/v7e-m+fp/hard\libm.a(libm_a-wf_pow.o)
 .debug_frame   0x00001b30       0x20 C:/ST/STM32CubeIDE_1.15.0/STM32CubeIDE/plugins/com.st.stm32cube.ide.mcu.externaltools.gnu-tools-for-stm32.12.3.rel1.win32_1.0.100.202403111256/tools/bin/../lib/gcc/arm-none-eabi/12.3.1/../../../../arm-none-eabi/lib/thumb/v7e-m+fp/hard\libm.a(libm_a-sf_finite.o)
 .debug_frame   0x00001b50       0x88 C:/ST/STM32CubeIDE_1.15.0/STM32CubeIDE/plugins/com.st.stm32cube.ide.mcu.externaltools.gnu-tools-for-stm32.12.3.rel1.win32_1.0.100.202403111256/tools/bin/../lib/gcc/arm-none-eabi/12.3.1/../../../../arm-none-eabi/lib/thumb/v7e-m+fp/hard\libm.a(libm_a-ef_pow.o)
 .debug_frame   0x00001bd8       0x20 C:/ST/STM32CubeIDE_1.15.0/STM32CubeIDE/plugins/com.st.stm32cube.ide.mcu.externaltools.gnu-tools-for-stm32.12.3.rel1.win32_1.0.100.202403111256/tools/bin/../lib/gcc/arm-none-eabi/12.3.1/../../../../arm-none-eabi/lib/thumb/v7e-m+fp/hard\libm.a(libm_a-sf_fabs.o)
 .debug_frame   0x00001bf8       0x20 C:/ST/STM32CubeIDE_1.15.0/STM32CubeIDE/plugins/com.st.stm32cube.ide.mcu.externaltools.gnu-tools-for-stm32.12.3.rel1.win32_1.0.100.202403111256/tools/bin/../lib/gcc/arm-none-eabi/12.3.1/../../../../arm-none-eabi/lib/thumb/v7e-m+fp/hard\libm.a(libm_a-sf_scalbn.o)
 .debug_frame   0x00001c18       0x88 C:/ST/STM32CubeIDE_1.15.0/STM32CubeIDE/plugins/com.st.stm32cube.ide.mcu.externaltools.gnu-tools-for-stm32.12.3.rel1.win32_1.0.100.202403111256/tools/bin/../lib/gcc/arm-none-eabi/12.3.1/../../../../arm-none-eabi/lib/thumb/v7e-m+fp/hard\libm.a(libm_a-math_errf.o)
 .debug_frame   0x00001ca0       0x20 C:/ST/STM32CubeIDE_1.15.0/STM32CubeIDE/plugins/com.st.stm32cube.ide.mcu.externaltools.gnu-tools-for-stm32.12.3.rel1.win32_1.0.100.202403111256/tools/bin/../lib/gcc/arm-none-eabi/12.3.1/../../../../arm-none-eabi/lib/thumb/v7e-m+fp/hard\libm.a(libm_a-ef_sqrt.o)
 .debug_frame   0x00001cc0       0x30 C:/ST/STM32CubeIDE_1.15.0/STM32CubeIDE/plugins/com.st.stm32cube.ide.mcu.externaltools.gnu-tools-for-stm32.12.3.rel1.win32_1.0.100.202403111256/tools/bin/../lib/gcc/arm-none-eabi/12.3.1/thumb/v7e-m+fp/hard\libgcc.a(_arm_muldf3.o)
 .debug_frame   0x00001cf0       0xac C:/ST/STM32CubeIDE_1.15.0/STM32CubeIDE/plugins/com.st.stm32cube.ide.mcu.externaltools.gnu-tools-for-stm32.12.3.rel1.win32_1.0.100.202403111256/tools/bin/../lib/gcc/arm-none-eabi/12.3.1/thumb/v7e-m+fp/hard\libgcc.a(_arm_addsubdf3.o)
 .debug_frame   0x00001d9c       0x24 C:/ST/STM32CubeIDE_1.15.0/STM32CubeIDE/plugins/com.st.stm32cube.ide.mcu.externaltools.gnu-tools-for-stm32.12.3.rel1.win32_1.0.100.202403111256/tools/bin/../lib/gcc/arm-none-eabi/12.3.1/thumb/v7e-m+fp/hard\libgcc.a(_arm_truncdfsf2.o)
 .debug_frame   0x00001dc0       0x2c C:/ST/STM32CubeIDE_1.15.0/STM32CubeIDE/plugins/com.st.stm32cube.ide.mcu.externaltools.gnu-tools-for-stm32.12.3.rel1.win32_1.0.100.202403111256/tools/bin/../lib/gcc/arm-none-eabi/12.3.1/thumb/v7e-m+fp/hard\libgcc.a(_aeabi_uldivmod.o)
 .debug_frame   0x00001dec       0x34 C:/ST/STM32CubeIDE_1.15.0/STM32CubeIDE/plugins/com.st.stm32cube.ide.mcu.externaltools.gnu-tools-for-stm32.12.3.rel1.win32_1.0.100.202403111256/tools/bin/../lib/gcc/arm-none-eabi/12.3.1/thumb/v7e-m+fp/hard\libgcc.a(_udivmoddi4.o)

.debug_line_str
                0x00000000       0x66
 .debug_line_str
                0x00000000       0x66 ./Core/Startup/startup_stm32f405rgtx.o
