../Core/Src/main.c:124:5:main	8	static
../Core/Src/main.c:204:6:SystemClock_Config	88	static
../Core/Src/main.c:250:13:MX_I2S2_Init	8	static
../Core/Src/main.c:282:13:MX_DMA_Init	16	static
../Core/Src/main.c:303:13:MX_GPIO_Init	48	static
../Core/Src/main.c:332:5:Calc_IIR_Left	24	static
../Core/Src/main.c:349:5:Calc_IIR_Right	24	static
../Core/Src/main.c:365:6:HAL_I2SEx_TxRxHalfCpltCallback	72	static
../Core/Src/main.c:395:6:HAL_I2SEx_TxRxCpltCallback	72	static
../Core/Src/main.c:431:6:Error_Handler	4	static,ignoring_inline_asm
