../Core/Src/main.c:129:5:main	8	static
../Core/Src/main.c:211:6:SystemClock_Config	88	static
../Core/Src/main.c:257:13:MX_I2S2_Init	8	static
../Core/Src/main.c:289:13:MX_DMA_Init	16	static
../Core/Src/main.c:310:13:MX_GPIO_Init	48	static
../Core/Src/main.c:339:5:Calc_IIR_Left	24	static
../Core/Src/main.c:356:5:Calc_IIR_Right	24	static
../Core/Src/main.c:372:6:HAL_I2SEx_TxRxHalfCpltCallback	24	static
../Core/Src/main.c:412:6:HAL_I2SEx_TxRxCpltCallback	24	static
../Core/Src/main.c:458:6:Error_Handler	4	static,ignoring_inline_asm
